<html>
<body>
<pre>
<h1>礦ision Build Log</h1>
<h2>Tool Versions:</h2>
IDE-Version: μVision V5.29.0.0
Copyright (C) 2019 ARM Ltd and ARM Germany GmbH. All rights reserved.
License Information: liu Administrator, liu, LIC=03C6R-KSZS5-NN9AF-65XB9-CYLS1-09VPF
 
Tool Versions:
Toolchain:       MDK-ARM Plus  Version: 5.29.0.0
Toolchain Path:  C:\Keil_v5\ARM\ARMCC\Bin
C Compiler:      Armcc.exe V5.06 update 6 (build 750)
Assembler:       Armasm.exe V5.06 update 6 (build 750)
Linker/Locator:  ArmLink.exe V5.06 update 6 (build 750)
Library Manager: ArmAr.exe V5.06 update 6 (build 750)
Hex Converter:   FromElf.exe V5.06 update 6 (build 750)
CPU DLL:         SARMCM3.DLL V5.29.0.0
Dialog DLL:      DCM.DLL V1.17.3.0
Target DLL:      Segger\JL2CM3.dll V2.99.36.0
Dialog DLL:      TCM.DLL V1.36.5.0
 
<h2>Project:</h2>
E:\控制器资料\新长板单体贯流蒸汽 V1.3.0\程序\UART\USER\UART.uvprojx
Project File Date:  11/10/2023

<h2>Output:</h2>
*** Using Compiler 'V5.06 update 6 (build 750)', folder: 'C:\Keil_v5\ARM\ARMCC\Bin'
Build target 'Target 1'
compiling usart4.c...
..\HARDWARE\USART4\usart4.c(196): warning:  #177-D: variable "index"  was declared but never referenced
  	uint8 index = 0;
..\HARDWARE\USART4\usart4.c(200): warning:  #177-D: variable "Data"  was declared but never referenced
  	uint16 Data = 0; 
..\HARDWARE\USART4\usart4.c(204): warning:  #177-D: variable "Data1"  was declared but never referenced
  	uint16 Data1 = 0;
..\HARDWARE\USART4\usart4.c(205): warning:  #177-D: variable "Data2"  was declared but never referenced
  	uint16 Data2 = 0;
..\HARDWARE\USART4\usart4.c(206): warning:  #177-D: variable "Data3"  was declared but never referenced
  	uint16 Data3 = 0;
..\HARDWARE\USART4\usart4.c: 5 warnings, 0 errors
compiling usart3.c...
..\HARDWARE\USART3\usart3.c(895): warning:  #177-D: variable "index"  was declared but never referenced
  		uint8 index = 0;
..\HARDWARE\USART3\usart3.c(983): warning:  #550-D: variable "AliveOK"  was set but never used
  	uint8 AliveOK[13] = {0};    //对在线设备的地址进行统计,1---10
..\HARDWARE\USART3\usart3.c(994): warning:  #177-D: variable "Pressure_uint16"  was declared but never referenced
  	uint16 Pressure_uint16 = 0;
..\HARDWARE\USART3\usart3.c(997): warning:  #177-D: variable "index"  was declared but never referenced
  	uint8 index = 0;
..\HARDWARE\USART3\usart3.c(1000): warning:  #550-D: variable "Loop_time"  was set but never used
  	static uint32 Loop_time = 0;
..\HARDWARE\USART3\usart3.c: 5 warnings, 0 errors
linking...
Program Size: Code=55030 RO-data=582 RW-data=592 ZI-data=9944  
FromELF: creating hex file...
"..\OBJ\UART.axf" - 0 Error(s), 10 Warning(s).

<h2>Software Packages used:</h2>

Package Vendor: ARM
                http://www.keil.com/pack/ARM.CMSIS.5.6.0.pack
                ARM.CMSIS.5.6.0
                CMSIS (Cortex Microcontroller Software Interface Standard)
   * Component: CORE Version: 5.3.0

Package Vendor: Keil
                http://www.keil.com/pack/Keil.STM32F1xx_DFP.2.3.0.pack
                Keil.STM32F1xx_DFP.2.3.0
                STMicroelectronics STM32F1 Series Device Support, Drivers and Examples

<h2>Collection of Component include folders:</h2>
  .\RTE\_Target_1
  C:\Users\Administrator.DESKTOP-GSBG73O\AppData\Local\Arm\Packs\ARM\CMSIS\5.6.0\CMSIS\Core\Include
  C:\Users\Administrator.DESKTOP-GSBG73O\AppData\Local\Arm\Packs\Keil\STM32F1xx_DFP\2.3.0\Device\Include

<h2>Collection of Component Files used:</h2>

   * Component: ARM::CMSIS:CORE:5.3.0
Build Time Elapsed:  00:00:01
</pre>
</body>
</html>
