Component: ARM Compiler 5.06 update 6 (build 750) Tool: armlink [4d35ed]

==============================================================================

Section Cross References

    main.o(i.main) refers to bsp_rccclkconfig.o(i.HSE_SetSysClk) for HSE_SetSysClk
    main.o(i.main) refers to bsp_systick.o(i.SysTick_Init) for SysTick_Init
    main.o(i.main) refers to sys.o(i.NVIC_Configuration) for NVIC_Configuration
    main.o(i.main) refers to bsp_led.o(i.LED_GPIO_Config) for LED_GPIO_Config
    main.o(i.main) refers to bsp_led.o(i.IO_Interrupt_Config) for IO_Interrupt_Config
    main.o(i.main) refers to bsp_relays.o(i.RELAYS_GPIO_Config) for RELAYS_GPIO_Config
    main.o(i.main) refers to bsp_adc.o(i.ADCx_Init) for ADCx_Init
    main.o(i.main) refers to ads1220.o(i.ADS1220Init) for ADS1220Init
    main.o(i.main) refers to ads1220.o(i.ADS1220Config) for ADS1220Config
    main.o(i.main) refers to bsp_led.o(i.SPI_Config_Init) for SPI_Config_Init
    main.o(i.main) refers to system_control.o(i.JTAG_Diable) for JTAG_Diable
    main.o(i.main) refers to usart.o(i.uart_init) for uart_init
    main.o(i.main) refers to usart2.o(i.uart2_init) for uart2_init
    main.o(i.main) refers to usart3.o(i.uart3_init) for uart3_init
    main.o(i.main) refers to usart4.o(i.uart4_init) for uart4_init
    main.o(i.main) refers to timer.o(i.TIM4_Int_Init) for TIM4_Int_Init
    main.o(i.main) refers to timer.o(i.TIM2_Int_Init) for TIM2_Int_Init
    main.o(i.main) refers to pwm_output.o(i.TIM3_PWM_Init) for TIM3_PWM_Init
    main.o(i.main) refers to bsp_led.o(i.BEEP_TIME) for BEEP_TIME
    main.o(i.main) refers to system_control.o(i.clear_struct_memory) for clear_struct_memory
    main.o(i.main) refers to activate_key.o(i.Write_CPU_ID_Encrypt) for Write_CPU_ID_Encrypt
    main.o(i.main) refers to bsp_led.o(i.PortPin_Scan) for PortPin_Scan
    main.o(i.main) refers to system_control.o(i.sys_control_config_function) for sys_control_config_function
    main.o(i.main) refers to bsp_systick.o(i.SysTick_Delay_ms) for SysTick_Delay_ms
    main.o(i.main) refers to bsp_parallel_serial.o(i.read_serial_data) for read_serial_data
    main.o(i.main) refers to activate_key.o(i.Flash_Read_Protect) for Flash_Read_Protect
    main.o(i.main) refers to bsp_relays.o(i.Close_All_Realys_Function) for Close_All_Realys_Function
    main.o(i.main) refers to bsp_iwdg.o(i.IWDG_Config) for IWDG_Config
    main.o(i.main) refers to bsp_led.o(i.SpiReadData) for SpiReadData
    main.o(i.main) refers to bsp_iwdg.o(i.IWDG_Feed) for IWDG_Feed
    main.o(i.main) refers to bsp_adc.o(i.ADC_Process) for ADC_Process
    main.o(i.main) refers to system_control.o(i.One_Sec_Check) for One_Sec_Check
    main.o(i.main) refers to usart.o(i.ModBus_Communication) for ModBus_Communication
    main.o(i.main) refers to bsp_relays.o(i.Relays_NoInterrupt_ON_OFF) for Relays_NoInterrupt_ON_OFF
    main.o(i.main) refers to usart2.o(i.ModBus2LCD_Communication) for ModBus2LCD_Communication
    main.o(i.main) refers to system_control.o(i.XiangBian_Steam_AddFunction) for XiangBian_Steam_AddFunction
    main.o(i.main) refers to usart3.o(i.Modbus3_UnionTx_Communication) for Modbus3_UnionTx_Communication
    main.o(i.main) refers to usart3.o(i.ModBus_Uart3_LocalRX_Communication) for ModBus_Uart3_LocalRX_Communication
    main.o(i.main) refers to usart3.o(i.Union_MuxJiZu_Control_Function) for Union_MuxJiZu_Control_Function
    main.o(i.main) refers to usart4.o(i.ModBus_Uart4_Local_Communication) for ModBus_Uart4_Local_Communication
    main.o(i.main) refers to system_control.o(i.Check_Config_Data_Function) for Check_Config_Data_Function
    main.o(i.main) refers to system_control.o(i.System_All_Control) for System_All_Control
    main.o(i.main) refers to system_control.o(i.Fan_Speed_Check_Function) for Fan_Speed_Check_Function
    main.o(i.main) refers to system_control.o(i.Speed_Pressure_Function) for Speed_Pressure_Function
    main.o(i.main) refers to system_control.o(i.PaiWu_Warnning_Function) for PaiWu_Warnning_Function
    main.o(i.main) refers to system_control.o(i.LianXu_Paiwu_Control_Function) for LianXu_Paiwu_Control_Function
    main.o(i.main) refers to bsp_relays.o(i.Alarm_Out_Function) for Alarm_Out_Function
    main.o(i.main) refers to system_control.o(i.Admin_Work_Time_Function) for Admin_Work_Time_Function
    main.o(i.main) refers to system_control.o(.bss) for sys_flag
    stm32f10x_it.o(i.EXTI0_IRQHandler) refers to stm32f10x_exti.o(i.EXTI_GetITStatus) for EXTI_GetITStatus
    stm32f10x_it.o(i.EXTI0_IRQHandler) refers to stm32f10x_exti.o(i.EXTI_ClearITPendingBit) for EXTI_ClearITPendingBit
    stm32f10x_it.o(i.EXTI0_IRQHandler) refers to system_control.o(.bss) for sys_flag
    stm32f10x_it.o(i.EXTI15_10_IRQHandler) refers to stm32f10x_exti.o(i.EXTI_GetITStatus) for EXTI_GetITStatus
    stm32f10x_it.o(i.EXTI15_10_IRQHandler) refers to stm32f10x_exti.o(i.EXTI_ClearITPendingBit) for EXTI_ClearITPendingBit
[...]
    __rt_heap_expand$2region                 0x0800048b   Thumb Code     2  heapauxi.o(.text)
    __I$use$semihosting                      0x0800048d   Thumb Code     0  use_no_semi.o(.text)
    __use_no_semihosting_swi                 0x0800048d   Thumb Code     2  use_no_semi.o(.text)
    _printf_char_common                      0x0800049b   Thumb Code    32  _printf_char_common.o(.text)
    _printf_char_file                        0x080004c1   Thumb Code    32  _printf_char_file.o(.text)
    ferror                                   0x080004e5   Thumb Code     8  ferror.o(.text)
    __user_setup_stackheap                   0x080004ed   Thumb Code    74  sys_stackheap_outer.o(.text)
    exit                                     0x08000537   Thumb Code    18  exit.o(.text)
    __user_libspace                          0x08000549   Thumb Code     8  libspace.o(.text)
    __user_perproc_libspace                  0x08000549   Thumb Code     0  libspace.o(.text)
    __user_perthread_libspace                0x08000549   Thumb Code     0  libspace.o(.text)
    ADC_Cmd                                  0x08000551   Thumb Code    22  stm32f10x_adc.o(i.ADC_Cmd)
    ADC_DMACmd                               0x08000567   Thumb Code    22  stm32f10x_adc.o(i.ADC_DMACmd)
    ADC_GetCalibrationStatus                 0x0800057d   Thumb Code    20  stm32f10x_adc.o(i.ADC_GetCalibrationStatus)
    ADC_GetResetCalibrationStatus            0x08000591   Thumb Code    20  stm32f10x_adc.o(i.ADC_GetResetCalibrationStatus)
    ADC_Init                                 0x080005a5   Thumb Code    70  stm32f10x_adc.o(i.ADC_Init)
    ADC_Process                              0x080005f5   Thumb Code   424  bsp_adc.o(i.ADC_Process)
    ADC_RegularChannelConfig                 0x080007cd   Thumb Code   184  stm32f10x_adc.o(i.ADC_RegularChannelConfig)
    ADC_ResetCalibration                     0x08000885   Thumb Code    10  stm32f10x_adc.o(i.ADC_ResetCalibration)
    ADC_SoftwareStartConvCmd                 0x0800088f   Thumb Code    22  stm32f10x_adc.o(i.ADC_SoftwareStartConvCmd)
    ADC_StartCalibration                     0x080008a5   Thumb Code    10  stm32f10x_adc.o(i.ADC_StartCalibration)
    ADCx_Init                                0x080008f5   Thumb Code    12  bsp_adc.o(i.ADCx_Init)
    ADS1220Config                            0x08000a19   Thumb Code    60  ads1220.o(i.ADS1220Config)
    ADS1220CsStatus                          0x08000a55   Thumb Code    44  ads1220.o(i.ADS1220CsStatus)
    ADS1220Init                              0x08000a85   Thumb Code   120  ads1220.o(i.ADS1220Init)
    ADS1220ReadData                          0x08000b05   Thumb Code    56  ads1220.o(i.ADS1220ReadData)
    ADS1220ReceiveByte                       0x08000b3d   Thumb Code     8  ads1220.o(i.ADS1220ReceiveByte)
    ADS1220SendByte                          0x08000b45   Thumb Code    12  ads1220.o(i.ADS1220SendByte)
    ADS1220WriteRegister                     0x08000b51   Thumb Code    66  ads1220.o(i.ADS1220WriteRegister)
    Abnormal_Check_Fun                       0x08000b95   Thumb Code    74  system_control.o(i.Abnormal_Check_Fun)
    Abnormal_Events_Response                 0x08000bf1   Thumb Code   576  system_control.o(i.Abnormal_Events_Response)
    Adc_to_temperature                       0x08000e65   Thumb Code   534  bsp_adc.o(i.Adc_to_temperature)
    Admin_Work_Time_Function                 0x0800107d   Thumb Code   138  system_control.o(i.Admin_Work_Time_Function)
    Alarm_Out_Function                       0x08001115   Thumb Code   146  bsp_relays.o(i.Alarm_Out_Function)
    Auto_Check_Fun                           0x080011b9   Thumb Code   256  system_control.o(i.Auto_Check_Fun)
    Auto_Pai_Wu_Function                     0x080012d1   Thumb Code   294  system_control.o(i.Auto_Pai_Wu_Function)
    BEEP_TIME                                0x08001411   Thumb Code    12  bsp_led.o(i.BEEP_TIME)
    Before_Ignition_Prepare                  0x08001421   Thumb Code   240  system_control.o(i.Before_Ignition_Prepare)
    BusFault_Handler                         0x08001525   Thumb Code     4  stm32f10x_it.o(i.BusFault_Handler)
    Char_to_Int_6                            0x08001529   Thumb Code   146  usr_c210.o(i.Char_to_Int_6)
    Check_Config_Data_Function               0x080015bd   Thumb Code   806  system_control.o(i.Check_Config_Data_Function)
    Close_All_Realys_Function                0x0800191d   Thumb Code    50  bsp_relays.o(i.Close_All_Realys_Function)
    DMA_Cmd                                  0x0800195d   Thumb Code    24  stm32f10x_dma.o(i.DMA_Cmd)
    DMA_DeInit                               0x08001975   Thumb Code   324  stm32f10x_dma.o(i.DMA_DeInit)
    DMA_Init                                 0x08001ac1   Thumb Code    60  stm32f10x_dma.o(i.DMA_Init)
    DebugMon_Handler                         0x08001afd   Thumb Code     2  stm32f10x_it.o(i.DebugMon_Handler)
    Dian_Huo_Air_Level                       0x08001b1d   Thumb Code    34  bsp_relays.o(i.Dian_Huo_Air_Level)
    Dian_Huo_OFF                             0x08001b49   Thumb Code     8  bsp_relays.o(i.Dian_Huo_OFF)
    Dian_Huo_Start                           0x08001b55   Thumb Code     8  bsp_relays.o(i.Dian_Huo_Start)
    Double_WaterPump_LogicFunction           0x08001b61   Thumb Code   460  system_control.o(i.Double_WaterPump_LogicFunction)
    Double_Water_BianPin_Function            0x08001d45   Thumb Code   568  system_control.o(i.Double_Water_BianPin_Function)
    EXTI0_IRQHandler                         0x08001fa1   Thumb Code    56  stm32f10x_it.o(i.EXTI0_IRQHandler)
    EXTI15_10_IRQHandler                     0x08001fdd   Thumb Code   332  stm32f10x_it.o(i.EXTI15_10_IRQHandler)
    EXTI4_IRQHandler                         0x0800213d   Thumb Code    18  stm32f10x_it.o(i.EXTI4_IRQHandler)
    EXTI9_5_IRQHandler                       0x0800214f   Thumb Code    82  stm32f10x_it.o(i.EXTI9_5_IRQHandler)
    EXTI_ClearITPendingBit                   0x080021a1   Thumb Code     6  stm32f10x_exti.o(i.EXTI_ClearITPendingBit)
    EXTI_GetITStatus                         0x080021ad   Thumb Code    34  stm32f10x_exti.o(i.EXTI_GetITStatus)
    EXTI_Init                                0x080021d5   Thumb Code   142  stm32f10x_exti.o(i.EXTI_Init)
    Err_Response                             0x08002269   Thumb Code   170  system_control.o(i.Err_Response)
    FLASH_ClearFlag                          0x08002325   Thumb Code     6  stm32f10x_flash.o(i.FLASH_ClearFlag)
    FLASH_ErasePage                          0x08002331   Thumb Code    72  stm32f10x_flash.o(i.FLASH_ErasePage)
    FLASH_GetBank1Status                     0x0800237d   Thumb Code    48  stm32f10x_flash.o(i.FLASH_GetBank1Status)
    FLASH_GetReadOutProtectionStatus         0x080023b1   Thumb Code    20  stm32f10x_flash.o(i.FLASH_GetReadOutProtectionStatus)
    FLASH_Lock                               0x080023c9   Thumb Code    14  stm32f10x_flash.o(i.FLASH_Lock)
    FLASH_PrefetchBufferCmd                  0x080023dd   Thumb Code    22  stm32f10x_flash.o(i.FLASH_PrefetchBufferCmd)
    FLASH_ProgramWord                        0x080023f9   Thumb Code   102  stm32f10x_flash.o(i.FLASH_ProgramWord)
    FLASH_ReadOutProtection                  0x08002465   Thumb Code   156  stm32f10x_flash.o(i.FLASH_ReadOutProtection)
    FLASH_SetLatency                         0x08002511   Thumb Code    18  stm32f10x_flash.o(i.FLASH_SetLatency)
    FLASH_Unlock                             0x08002529   Thumb Code    12  stm32f10x_flash.o(i.FLASH_Unlock)
    FLASH_WaitForLastOperation               0x08002541   Thumb Code    38  stm32f10x_flash.o(i.FLASH_WaitForLastOperation)
    Fan_Speed_Check_Function                 0x08002569   Thumb Code    96  system_control.o(i.Fan_Speed_Check_Function)
    Feed_First_Level                         0x080025d1   Thumb Code    16  bsp_relays.o(i.Feed_First_Level)
    Feed_Main_Pump_OFF                       0x080025e5   Thumb Code    14  bsp_relays.o(i.Feed_Main_Pump_OFF)
    Feed_Main_Pump_ON                        0x080025fd   Thumb Code    24  bsp_relays.o(i.Feed_Main_Pump_ON)
    Flash_Read_Protect                       0x0800261d   Thumb Code    26  activate_key.o(i.Flash_Read_Protect)
    FuNiSen_Read_WaterDevice_Function        0x08002639   Thumb Code   224  usart3.o(i.FuNiSen_Read_WaterDevice_Function)
    GPIO_EXTILineConfig                      0x0800272d   Thumb Code    60  stm32f10x_gpio.o(i.GPIO_EXTILineConfig)
    GPIO_Init                                0x0800276d   Thumb Code   278  stm32f10x_gpio.o(i.GPIO_Init)
    GPIO_PinRemapConfig                      0x08002885   Thumb Code   138  stm32f10x_gpio.o(i.GPIO_PinRemapConfig)
    GPIO_ReadInputDataBit                    0x08002915   Thumb Code    18  stm32f10x_gpio.o(i.GPIO_ReadInputDataBit)
    GPIO_WriteBit                            0x08002927   Thumb Code    10  stm32f10x_gpio.o(i.GPIO_WriteBit)
    GetOut_Mannual_Function                  0x08002931   Thumb Code    38  system_control.o(i.GetOut_Mannual_Function)
    GetVolt                                  0x0800295d   Thumb Code   116  bsp_adc.o(i.GetVolt)
    Get_IO_Inf                               0x080029d9   Thumb Code   344  system_control.o(i.Get_IO_Inf)
    HSE_SetSysClk                            0x08002b3d   Thumb Code   100  bsp_rccclkconfig.o(i.HSE_SetSysClk)
    HardFault_Handler                        0x08002ba1   Thumb Code     4  stm32f10x_it.o(i.HardFault_Handler)
    IDLE_Err_Response                        0x08002ba5   Thumb Code   164  system_control.o(i.IDLE_Err_Response)
    IO_Interrupt_Config                      0x08002c5d   Thumb Code   204  bsp_led.o(i.IO_Interrupt_Config)
    IWDG_Config                              0x08002d31   Thumb Code    36  bsp_iwdg.o(i.IWDG_Config)
    IWDG_Enable                              0x08002d55   Thumb Code    10  stm32f10x_iwdg.o(i.IWDG_Enable)
    IWDG_Feed                                0x08002d65   Thumb Code     8  bsp_iwdg.o(i.IWDG_Feed)
    IWDG_ReloadCounter                       0x08002d6d   Thumb Code    10  stm32f10x_iwdg.o(i.IWDG_ReloadCounter)
    IWDG_SetPrescaler                        0x08002d7d   Thumb Code     6  stm32f10x_iwdg.o(i.IWDG_SetPrescaler)
    IWDG_SetReload                           0x08002d89   Thumb Code     6  stm32f10x_iwdg.o(i.IWDG_SetReload)
    IWDG_WriteAccessCmd                      0x08002d95   Thumb Code     6  stm32f10x_iwdg.o(i.IWDG_WriteAccessCmd)
    Idel_Check_Fun                           0x08002da1   Thumb Code    54  system_control.o(i.Idel_Check_Fun)
    Ignition_Check_Fun                       0x08002de1   Thumb Code    44  system_control.o(i.Ignition_Check_Fun)
    JTAG_Diable                              0x08002e1d   Thumb Code    20  system_control.o(i.JTAG_Diable)
    JiZu_ReadAndWrite_Function               0x08002e35   Thumb Code   722  usart3.o(i.JiZu_ReadAndWrite_Function)
    LED_GPIO_Config                          0x08003115   Thumb Code   302  bsp_led.o(i.LED_GPIO_Config)
    Last_Blow_End_Fun                        0x0800325d   Thumb Code    22  system_control.o(i.Last_Blow_End_Fun)
    Last_Blow_Start_Fun                      0x08003279   Thumb Code    50  system_control.o(i.Last_Blow_Start_Fun)
    LianXu_Paiwu_Close                       0x080032b5   Thumb Code     8  bsp_relays.o(i.LianXu_Paiwu_Close)
    LianXu_Paiwu_Control_Function            0x080032c1   Thumb Code   214  system_control.o(i.LianXu_Paiwu_Control_Function)
    LianXu_Paiwu_Open                        0x080033ad   Thumb Code    10  bsp_relays.o(i.LianXu_Paiwu_Open)
    Logic_Pump_OFF                           0x080033bd   Thumb Code     8  bsp_relays.o(i.Logic_Pump_OFF)
    Logic_Pump_On                            0x080033c9   Thumb Code    10  bsp_relays.o(i.Logic_Pump_On)
    MemManage_Handler                        0x080033d9   Thumb Code     4  stm32f10x_it.o(i.MemManage_Handler)
    ModBus2LCD_Communication                 0x080033dd   Thumb Code  3042  usart2.o(i.ModBus2LCD_Communication)
    ModBus3_RTU_Read03                       0x08003fed   Thumb Code    66  usart3.o(i.ModBus3_RTU_Read03)
    ModBus3_RTU_Write06                      0x08004039   Thumb Code    66  usart3.o(i.ModBus3_RTU_Write06)
    ModBus3_RTU_Write10                      0x08004085   Thumb Code   394  usart3.o(i.ModBus3_RTU_Write10)
    ModBusCRC16                              0x08004225   Thumb Code    66  usart.o(i.ModBusCRC16)
    ModBus_Communication                     0x08004269   Thumb Code   254  usart.o(i.ModBus_Communication)
    ModBus_Uart3_LocalRX_Communication       0x08004379   Thumb Code   442  usart3.o(i.ModBus_Uart3_LocalRX_Communication)
    ModBus_Uart4_Local_Communication         0x08004555   Thumb Code   238  usart4.o(i.ModBus_Uart4_Local_Communication)
    Modbus3_UnionRx_DataProcess              0x0800465d   Thumb Code   930  usart3.o(i.Modbus3_UnionRx_DataProcess)
    Modbus3_UnionTx_Communication            0x08004a19   Thumb Code   646  usart3.o(i.Modbus3_UnionTx_Communication)
    ModuBus2LCD_Write0x10Response            0x08004cc5   Thumb Code    60  usart2.o(i.ModuBus2LCD_Write0x10Response)
    ModuBus2LCD_WriteAdress0x0000Response    0x08004d09   Thumb Code   206  usart2.o(i.ModuBus2LCD_WriteAdress0x0000Response)
    ModuBus4RTU_WriteResponse                0x08004de9   Thumb Code    64  usart4.o(i.ModuBus4RTU_WriteResponse)
    ModuBus4_Write0x10Response               0x08004e31   Thumb Code    60  usart4.o(i.ModuBus4_Write0x10Response)
    ModuBusRTU_Write0x10Response             0x08004e75   Thumb Code    82  usr_c210.o(i.ModuBusRTU_Write0x10Response)
    ModuBusRTU_WriteResponse                 0x08004ed5   Thumb Code    82  usr_c210.o(i.ModuBusRTU_WriteResponse)
    NMI_Handler                              0x08004f35   Thumb Code     2  stm32f10x_it.o(i.NMI_Handler)
    NVIC_Configuration                       0x08004f37   Thumb Code    12  sys.o(i.NVIC_Configuration)
    NVIC_Init                                0x08004f45   Thumb Code   100  misc.o(i.NVIC_Init)
    NVIC_PriorityGroupConfig                 0x08004fb5   Thumb Code    10  misc.o(i.NVIC_PriorityGroupConfig)
    NewSHUANG_PIN_Server_Cmd_Analyse         0x08004fc9   Thumb Code  1472  usr_c210.o(i.NewSHUANG_PIN_Server_Cmd_Analyse)
    New_Server_Cmd_Analyse                   0x080055a5   Thumb Code  1264  usr_c210.o(i.New_Server_Cmd_Analyse)
    One_Sec_Check                            0x08005aa5   Thumb Code    34  system_control.o(i.One_Sec_Check)
    PVD_IRQHandler                           0x08005acd   Thumb Code    18  stm32f10x_it.o(i.PVD_IRQHandler)
    PWM_Adjust                               0x08005ae1   Thumb Code    34  pwm_output.o(i.PWM_Adjust)
    PWR_GetFlagStatus                        0x08005b15   Thumb Code    20  stm32f10x_pwr.o(i.PWR_GetFlagStatus)
    PaiWu_Warnning_Function                  0x08005b2d   Thumb Code   218  system_control.o(i.PaiWu_Warnning_Function)
    Pai_Wu_Door_Close                        0x08005c29   Thumb Code    16  bsp_relays.o(i.Pai_Wu_Door_Close)
    Pai_Wu_Door_Open                         0x08005c41   Thumb Code    16  bsp_relays.o(i.Pai_Wu_Door_Open)
    PendSV_Handler                           0x08005c59   Thumb Code     2  stm32f10x_it.o(i.PendSV_Handler)
    PortPin_Scan                             0x08005c5b   Thumb Code    24  bsp_led.o(i.PortPin_Scan)
    Pressure25KG_GetVolt                     0x08005c75   Thumb Code    74  bsp_adc.o(i.Pressure25KG_GetVolt)
    Pressure_Filter_Function                 0x08005cc5   Thumb Code   140  bsp_adc.o(i.Pressure_Filter_Function)
    RCC_ADCCLKConfig                         0x08005d65   Thumb Code    18  stm32f10x_rcc.o(i.RCC_ADCCLKConfig)
    RCC_AHBPeriphClockCmd                    0x08005d7d   Thumb Code    26  stm32f10x_rcc.o(i.RCC_AHBPeriphClockCmd)
    RCC_APB1PeriphClockCmd                   0x08005d9d   Thumb Code    26  stm32f10x_rcc.o(i.RCC_APB1PeriphClockCmd)
    RCC_APB1PeriphResetCmd                   0x08005dbd   Thumb Code    26  stm32f10x_rcc.o(i.RCC_APB1PeriphResetCmd)
    RCC_APB2PeriphClockCmd                   0x08005ddd   Thumb Code    26  stm32f10x_rcc.o(i.RCC_APB2PeriphClockCmd)
    RCC_APB2PeriphResetCmd                   0x08005dfd   Thumb Code    26  stm32f10x_rcc.o(i.RCC_APB2PeriphResetCmd)
    RCC_DeInit                               0x08005e1d   Thumb Code    64  stm32f10x_rcc.o(i.RCC_DeInit)
    RCC_GetClocksFreq                        0x08005e69   Thumb Code   192  stm32f10x_rcc.o(i.RCC_GetClocksFreq)
    RCC_GetFlagStatus                        0x08005f3d   Thumb Code    56  stm32f10x_rcc.o(i.RCC_GetFlagStatus)
    RCC_GetSYSCLKSource                      0x08005f79   Thumb Code    10  stm32f10x_rcc.o(i.RCC_GetSYSCLKSource)
    RCC_HCLKConfig                           0x08005f89   Thumb Code    18  stm32f10x_rcc.o(i.RCC_HCLKConfig)
    RCC_HSEConfig                            0x08005fa1   Thumb Code    70  stm32f10x_rcc.o(i.RCC_HSEConfig)
    RCC_PCLK1Config                          0x08005fed   Thumb Code    18  stm32f10x_rcc.o(i.RCC_PCLK1Config)
    RCC_PCLK2Config                          0x08006005   Thumb Code    20  stm32f10x_rcc.o(i.RCC_PCLK2Config)
    RCC_PLLCmd                               0x0800601d   Thumb Code     6  stm32f10x_rcc.o(i.RCC_PLLCmd)
    RCC_PLLConfig                            0x08006029   Thumb Code    24  stm32f10x_rcc.o(i.RCC_PLLConfig)
    RCC_SYSCLKConfig                         0x08006045   Thumb Code    18  stm32f10x_rcc.o(i.RCC_SYSCLKConfig)
    RCC_WaitForHSEStartUp                    0x0800605d   Thumb Code    56  stm32f10x_rcc.o(i.RCC_WaitForHSEStartUp)
    RELAYS_GPIO_Config                       0x08006095   Thumb Code   112  bsp_relays.o(i.RELAYS_GPIO_Config)
    RTC_ClearITPendingBit                    0x08006111   Thumb Code    12  stm32f10x_rtc.o(i.RTC_ClearITPendingBit)
    RTC_GetITStatus                          0x08006121   Thumb Code    32  stm32f10x_rtc.o(i.RTC_GetITStatus)
    RTC_IRQHandler                           0x08006145   Thumb Code    28  stm32f10x_it.o(i.RTC_IRQHandler)
    RTC_WaitForLastTask                      0x08006165   Thumb Code    16  stm32f10x_rtc.o(i.RTC_WaitForLastTask)
    Relays_NoInterrupt_ON_OFF                0x08006179   Thumb Code   208  bsp_relays.o(i.Relays_NoInterrupt_ON_OFF)
    SPI_Config_Init                          0x0800625d   Thumb Code   136  bsp_led.o(i.SPI_Config_Init)
    SPI_RW_Data_MODE0                        0x080062e9   Thumb Code   116  bsp_led.o(i.SPI_RW_Data_MODE0)
    SPI_Receiver_Data                        0x08006361   Thumb Code   102  ads1220.o(i.SPI_Receiver_Data)
    SPI_Send_Data                            0x080063d1   Thumb Code   108  ads1220.o(i.SPI_Send_Data)
    SVC_Handler                              0x0800645f   Thumb Code     2  stm32f10x_it.o(i.SVC_Handler)
    Second_Water_Valve_Close                 0x08006461   Thumb Code    76  bsp_relays.o(i.Second_Water_Valve_Close)
    Second_Water_Valve_Open                  0x080064bd   Thumb Code    14  bsp_relays.o(i.Second_Water_Valve_Open)
    Self_Check_Function                      0x080064d5   Thumb Code    28  system_control.o(i.Self_Check_Function)
    Send_Adc_Lcd                             0x080064fd   Thumb Code    18  bsp_adc.o(i.Send_Adc_Lcd)
    Send_Air_Close                           0x08006515   Thumb Code    20  bsp_relays.o(i.Send_Air_Close)
    Send_Air_Open                            0x08006531   Thumb Code     8  bsp_relays.o(i.Send_Air_Open)
    Send_Gas_Close                           0x0800653d   Thumb Code     8  bsp_relays.o(i.Send_Gas_Close)
    Send_Gas_Open                            0x08006549   Thumb Code     8  bsp_relays.o(i.Send_Gas_Open)
    ShuangPin_Water_Balance_Function         0x0800663d   Thumb Code   298  system_control.o(i.ShuangPin_Water_Balance_Function)
    Speed_Pressure_Function                  0x08006781   Thumb Code   194  system_control.o(i.Speed_Pressure_Function)
    SpiCsStatus                              0x08006859   Thumb Code    44  bsp_led.o(i.SpiCsStatus)
    SpiReadData                              0x08006889   Thumb Code   386  bsp_led.o(i.SpiReadData)
    SysTick_Delay_ms                         0x08006a75   Thumb Code    54  bsp_systick.o(i.SysTick_Delay_ms)
    SysTick_Handler                          0x08006ab1   Thumb Code     2  stm32f10x_it.o(i.SysTick_Handler)
    SysTick_Init                             0x08006ab5   Thumb Code    28  bsp_systick.o(i.SysTick_Init)
    Sys_Ignition_Fun                         0x08006ad5   Thumb Code  1316  system_control.o(i.Sys_Ignition_Fun)
    Sys_Launch_Function                      0x0800700d   Thumb Code   180  system_control.o(i.Sys_Launch_Function)
    SystemInit                               0x080070e1   Thumb Code    78  system_stm32f10x.o(i.SystemInit)
    System_All_Control                       0x08007141   Thumb Code   452  system_control.o(i.System_All_Control)
    System_Idel_Function                     0x0800732d   Thumb Code    24  system_control.o(i.System_Idel_Function)
    System_Pressure_Balance_Function         0x08007345   Thumb Code   570  system_control.o(i.System_Pressure_Balance_Function)
    TIM2_IRQHandler                          0x080075b5   Thumb Code    76  stm32f10x_it.o(i.TIM2_IRQHandler)
    TIM2_Int_Init                            0x08007609   Thumb Code    92  timer.o(i.TIM2_Int_Init)
    TIM3_PWM_Init                            0x08007705   Thumb Code    12  pwm_output.o(i.TIM3_PWM_Init)
    TIM4_IRQHandler                          0x08007711   Thumb Code  1736  stm32f10x_it.o(i.TIM4_IRQHandler)
    TIM4_Int_Init                            0x08007e19   Thumb Code    90  timer.o(i.TIM4_Int_Init)
    TIM5_IRQHandler                          0x08007e79   Thumb Code    22  stm32f10x_it.o(i.TIM5_IRQHandler)
    TIM_ARRPreloadConfig                     0x08007e95   Thumb Code    24  stm32f10x_tim.o(i.TIM_ARRPreloadConfig)
    TIM_ClearITPendingBit                    0x08007ead   Thumb Code     6  stm32f10x_tim.o(i.TIM_ClearITPendingBit)
    TIM_Cmd                                  0x08007eb3   Thumb Code    24  stm32f10x_tim.o(i.TIM_Cmd)
    TIM_GetITStatus                          0x08007ecb   Thumb Code    34  stm32f10x_tim.o(i.TIM_GetITStatus)
    TIM_ITConfig                             0x08007eed   Thumb Code    18  stm32f10x_tim.o(i.TIM_ITConfig)
    TIM_OC4Init                              0x08007f01   Thumb Code   114  stm32f10x_tim.o(i.TIM_OC4Init)
    TIM_OC4PreloadConfig                     0x08007f7d   Thumb Code    26  stm32f10x_tim.o(i.TIM_OC4PreloadConfig)
    TIM_TimeBaseInit                         0x08007f99   Thumb Code   122  stm32f10x_tim.o(i.TIM_TimeBaseInit)
    UART4_IRQHandler                         0x0800803d   Thumb Code   228  stm32f10x_it.o(i.UART4_IRQHandler)
    UART4_Server_Cmd_Analyse                 0x08008129   Thumb Code  2250  usart4.o(i.UART4_Server_Cmd_Analyse)
    UART5_IRQHandler                         0x08008a01   Thumb Code   226  stm32f10x_it.o(i.UART5_IRQHandler)
    USART1_IRQHandler                        0x08008aed   Thumb Code   228  stm32f10x_it.o(i.USART1_IRQHandler)
    USART2_IRQHandler                        0x08008bd9   Thumb Code   180  stm32f10x_it.o(i.USART2_IRQHandler)
    USART3_IRQHandler                        0x08008c95   Thumb Code   228  stm32f10x_it.o(i.USART3_IRQHandler)
    USART_ClearFlag                          0x08008d81   Thumb Code    18  stm32f10x_usart.o(i.USART_ClearFlag)
    USART_ClearITPendingBit                  0x08008d93   Thumb Code    30  stm32f10x_usart.o(i.USART_ClearITPendingBit)
    USART_Cmd                                0x08008db1   Thumb Code    24  stm32f10x_usart.o(i.USART_Cmd)
    USART_DeInit                             0x08008dc9   Thumb Code   134  stm32f10x_usart.o(i.USART_DeInit)
    USART_GetFlagStatus                      0x08008e65   Thumb Code    26  stm32f10x_usart.o(i.USART_GetFlagStatus)
    USART_GetITStatus                        0x08008e7f   Thumb Code    84  stm32f10x_usart.o(i.USART_GetITStatus)
    USART_ITConfig                           0x08008ed3   Thumb Code    74  stm32f10x_usart.o(i.USART_ITConfig)
    USART_Init                               0x08008f1d   Thumb Code   210  stm32f10x_usart.o(i.USART_Init)
    USART_ReceiveData                        0x08008ff5   Thumb Code    10  stm32f10x_usart.o(i.USART_ReceiveData)
    USART_SendData                           0x08008fff   Thumb Code     8  stm32f10x_usart.o(i.USART_SendData)
    Union_MuxJiZu_Control_Function           0x08009009   Thumb Code  1358  usart3.o(i.Union_MuxJiZu_Control_Function)
    UsageFault_Handler                       0x08009561   Thumb Code     4  stm32f10x_it.o(i.UsageFault_Handler)
    Usart_SendStr_length                     0x08009583   Thumb Code    32  usart.o(i.Usart_SendStr_length)
    WTS_Gas_One_Close                        0x080095a5   Thumb Code     8  bsp_relays.o(i.WTS_Gas_One_Close)
    WTS_Gas_One_Open                         0x080095b1   Thumb Code     8  bsp_relays.o(i.WTS_Gas_One_Open)
    Water_Balance_Function                   0x080095bd   Thumb Code   332  system_control.o(i.Water_Balance_Function)
    Water_BianPin_Function                   0x0800971d   Thumb Code   492  system_control.o(i.Water_BianPin_Function)
    WenDu_Filter_Function                    0x08009929   Thumb Code   132  bsp_adc.o(i.WenDu_Filter_Function)
    Write_Admin_Flash                        0x080099b9   Thumb Code   636  internal_flash.o(i.Write_Admin_Flash)
    Write_CPUID_Flash                        0x08009c3d   Thumb Code    28  activate_key.o(i.Write_CPUID_Flash)
    Write_CPU_ID_Encrypt                     0x08009c5d   Thumb Code    80  activate_key.o(i.Write_CPU_ID_Encrypt)
    Write_Internal_Flash                     0x08009cd1   Thumb Code   162  internal_flash.o(i.Write_Internal_Flash)
    Write_Second_Flash                       0x08009d81   Thumb Code   204  internal_flash.o(i.Write_Second_Flash)
    XiangBian_Steam_AddFunction              0x08009e59   Thumb Code   346  system_control.o(i.XiangBian_Steam_AddFunction)
    _is_digit                                0x08009fcd   Thumb Code    14  __printf_wp.o(i._is_digit)
    _sys_exit                                0x08009fdb   Thumb Code     6  usart.o(i._sys_exit)
    clear_struct_memory                      0x08009fe1   Thumb Code    78  system_control.o(i.clear_struct_memory)
    delay_sys_sec                            0x0800a055   Thumb Code    18  delay.o(i.delay_sys_sec)
    filter                                   0x0800a075   Thumb Code    66  bsp_adc.o(i.filter)
    fputc                                    0x0800a0c1   Thumb Code    24  usart.o(i.fputc)
    get_dot                                  0x0800a0dd   Thumb Code    16  bsp_adc.o(i.get_dot)
    go_00_process                            0x0800a0ed   Thumb Code   410  bsp_adc.o(i.go_00_process)
    go_100_process                           0x0800a287   Thumb Code   384  bsp_adc.o(i.go_100_process)
    go_10_process                            0x0800a407   Thumb Code   362  bsp_adc.o(i.go_10_process)
    go_110_process                           0x0800a571   Thumb Code   384  bsp_adc.o(i.go_110_process)
    go_120_process                           0x0800a6f1   Thumb Code   384  bsp_adc.o(i.go_120_process)
    go_130_process                           0x0800a871   Thumb Code   384  bsp_adc.o(i.go_130_process)
    go_140_process                           0x0800a9f1   Thumb Code   384  bsp_adc.o(i.go_140_process)
    go_150_process                           0x0800ab71   Thumb Code   384  bsp_adc.o(i.go_150_process)
    go_160_process                           0x0800acf1   Thumb Code   384  bsp_adc.o(i.go_160_process)
    go_170_process                           0x0800ae71   Thumb Code   384  bsp_adc.o(i.go_170_process)
    go_180_process                           0x0800aff1   Thumb Code   384  bsp_adc.o(i.go_180_process)
    go_190_process                           0x0800b171   Thumb Code   384  bsp_adc.o(i.go_190_process)
    go_200_process                           0x0800b2f1   Thumb Code   384  bsp_adc.o(i.go_200_process)
    go_20_process                            0x0800b471   Thumb Code   370  bsp_adc.o(i.go_20_process)
    go_30_process                            0x0800b5e3   Thumb Code   384  bsp_adc.o(i.go_30_process)
    go_40_process                            0x0800b763   Thumb Code   384  bsp_adc.o(i.go_40_process)
    go_50_process                            0x0800b8e3   Thumb Code   384  bsp_adc.o(i.go_50_process)
    go_60_process                            0x0800ba63   Thumb Code   384  bsp_adc.o(i.go_60_process)
    go_70_process                            0x0800bbe3   Thumb Code   384  bsp_adc.o(i.go_70_process)
    go_80_process                            0x0800bd63   Thumb Code   384  bsp_adc.o(i.go_80_process)
    go_90_process                            0x0800bee3   Thumb Code   384  bsp_adc.o(i.go_90_process)
    main                                     0x0800c065   Thumb Code   470  main.o(i.main)
    pressure_to_temperature                  0x0800c24d   Thumb Code    88  bsp_adc.o(i.pressure_to_temperature)
    read_serial_data                         0x0800c2a9   Thumb Code   806  bsp_parallel_serial.o(i.read_serial_data)
    sys_close_cmd                            0x0800c5ed   Thumb Code    94  system_control.o(i.sys_close_cmd)
    sys_control_config_function              0x0800c66d   Thumb Code   890  system_control.o(i.sys_control_config_function)
    sys_start_cmd                            0x0800ca0d   Thumb Code   150  system_control.o(i.sys_start_cmd)
    uart2_init                               0x0800cac9   Thumb Code   160  usart2.o(i.uart2_init)
    uart3_init                               0x0800cb71   Thumb Code   164  usart3.o(i.uart3_init)
    uart4_init                               0x0800cc1d   Thumb Code   164  usart4.o(i.uart4_init)
    uart_init                                0x0800ccc9   Thumb Code   160  usart.o(i.uart_init)
    __aeabi_d2f                              0x0800cd71   Thumb Code     0  d2f.o(x$fpl$d2f)
    _d2f                                     0x0800cd71   Thumb Code    98  d2f.o(x$fpl$d2f)
    __fpl_dcmp_Inf                           0x0800cdd3   Thumb Code    24  dcmpi.o(x$fpl$dcmpinf)
    __aeabi_ddiv                             0x0800cded   Thumb Code     0  ddiv.o(x$fpl$ddiv)
    _ddiv                                    0x0800cded   Thumb Code   552  ddiv.o(x$fpl$ddiv)
    __aeabi_ui2d                             0x0800d09d   Thumb Code     0  dflt_clz.o(x$fpl$dfltu)
    _dfltu                                   0x0800d09d   Thumb Code    38  dflt_clz.o(x$fpl$dfltu)
    __aeabi_cdcmple                          0x0800d0c5   Thumb Code     0  dleqf.o(x$fpl$dleqf)
    _dcmple                                  0x0800d0c5   Thumb Code   120  dleqf.o(x$fpl$dleqf)
    __fpl_dcmple_InfNaN                      0x0800d127   Thumb Code     0  dleqf.o(x$fpl$dleqf)
    __aeabi_dmul                             0x0800d13d   Thumb Code     0  dmul.o(x$fpl$dmul)
    _dmul                                    0x0800d13d   Thumb Code   332  dmul.o(x$fpl$dmul)
    __fpl_dnaninf                            0x0800d291   Thumb Code   156  dnaninf.o(x$fpl$dnaninf)
    __fpl_dretinf                            0x0800d32d   Thumb Code    12  dretinf.o(x$fpl$dretinf)
    __aeabi_f2d                              0x0800d339   Thumb Code     0  f2d.o(x$fpl$f2d)
    _f2d                                     0x0800d339   Thumb Code    86  f2d.o(x$fpl$f2d)
    __fpl_fcmp_Inf                           0x0800d38f   Thumb Code    24  fcmpi.o(x$fpl$fcmpinf)
    __aeabi_fdiv                             0x0800d3a9   Thumb Code     0  fdiv.o(x$fpl$fdiv)
    _fdiv                                    0x0800d3a9   Thumb Code   384  fdiv.o(x$fpl$fdiv)
    __aeabi_f2uiz                            0x0800d52d   Thumb Code     0  ffixu.o(x$fpl$ffixu)
    _ffixu                                   0x0800d52d   Thumb Code    62  ffixu.o(x$fpl$ffixu)
    __aeabi_i2f                              0x0800d56d   Thumb Code     0  fflt_clz.o(x$fpl$fflt)
    _fflt                                    0x0800d56d   Thumb Code    48  fflt_clz.o(x$fpl$fflt)
    __aeabi_ui2f                             0x0800d59d   Thumb Code     0  fflt_clz.o(x$fpl$ffltu)
    _ffltu                                   0x0800d59d   Thumb Code    38  fflt_clz.o(x$fpl$ffltu)
    __aeabi_cfcmple                          0x0800d5c5   Thumb Code     0  fleqf.o(x$fpl$fleqf)
    _fcmple                                  0x0800d5c5   Thumb Code   104  fleqf.o(x$fpl$fleqf)
    __fpl_fcmple_InfNaN                      0x0800d617   Thumb Code     0  fleqf.o(x$fpl$fleqf)
    __aeabi_fmul                             0x0800d62d   Thumb Code     0  fmul.o(x$fpl$fmul)
    _fmul                                    0x0800d62d   Thumb Code   258  fmul.o(x$fpl$fmul)
    __fpl_fnaninf                            0x0800d72f   Thumb Code   140  fnaninf.o(x$fpl$fnaninf)
    __fpl_fretinf                            0x0800d7bb   Thumb Code    10  fretinf.o(x$fpl$fretinf)
    __aeabi_cfrcmple                         0x0800d7c5   Thumb Code     0  frleqf.o(x$fpl$frleqf)
    _frcmple                                 0x0800d7c5   Thumb Code    98  frleqf.o(x$fpl$frleqf)
    Soft_Version                             0x0800d826   Data           2  main.o(.constdata)
    __I$use$fp                               0x0800d826   Number         0  usenofp.o(x$fpl$usenofp)
    Region$$Table$$Base                      0x0800d91c   Number         0  anon$$obj.o(Region$$Table)
    Region$$Table$$Limit                     0x0800d93c   Number         0  anon$$obj.o(Region$$Table)
    SystemCoreClock                          0x20000024   Data           4  system_stm32f10x.o(.data)
    AHBPrescTable                            0x20000028   Data          16  system_stm32f10x.o(.data)
    __stdout                                 0x20000038   Data           4  usart.o(.data)
    USART_RX_STA                             0x2000003c   Data           2  usart.o(.data)
    sys_control_time                         0x20000040   Data           4  system_control.o(.data)
    sys_time_up                              0x20000044   Data           1  system_control.o(.data)
    sys_time_start                           0x20000045   Data           1  system_control.o(.data)
    target_percent                           0x20000046   Data           1  system_control.o(.data)
    now_percent                              0x20000047   Data           1  system_control.o(.data)
    adc_sample_flag                          0x20000048   Data           1  system_control.o(.data)
    T_PERCENT                                0x20000049   Data           1  system_control.o(.data)
    BJ_TimeVar                               0x2000004c   Data           4  system_control.o(.data)
    systmtime                                0x20000050   Data          28  system_control.o(.data)
    Abnormal_Events                          0x2000006c   Data           8  system_control.o(.data)
    Secret_uint                              0x20000074   Data           4  system_control.o(.data)
    Data_wordtobyte                          0x20000078   Data           2  system_control.o(.data)
    Float_Int                                0x2000007c   Data           4  system_control.o(.data)
    Byte_To_Duint32                          0x20000080   Data           4  system_control.o(.data)
    Jump_Step                                0x20000084   Data           1  system_control.o(.data)
    Air_Door_Index                           0x20000085   Data           1  system_control.o(.data)
    ab_index                                 0x20000086   Data           1  system_control.o(.data)
    Self_Index                               0x20000087   Data           1  system_control.o(.data)
    Sys_Staus                                0x20000088   Data           1  system_control.o(.data)
    Sys_Launch_Index                         0x20000089   Data           1  system_control.o(.data)
    Ignition_Index                           0x2000008a   Data           1  system_control.o(.data)
    Pressure_Index                           0x2000008b   Data           1  system_control.o(.data)
    IDLE_INDEX                               0x2000008c   Data           1  system_control.o(.data)
    cmd_string111                            0x2000008d   Data           7  system_control.o(.data)
    Union_Flag                               0x200000d0   Data           8  usart2.o(.data)
    SPI_Gpio_Init                            0x200000e4   Data          24  bsp_led.o(.data)
    Beep_Data                                0x200000fc   Data           8  bsp_led.o(.data)
    re4_time                                 0x20000104   Data           1  bsp_led.o(.data)
    ADC_Convert_true                         0x2000010a   Data           8  bsp_adc.o(.data)
    Main_Tem                                 0x20000112   Data           2  bsp_adc.o(.data)
    Sub_Tem                                  0x20000114   Data           2  bsp_adc.o(.data)
    Back_Water_Tem                           0x20000116   Data           2  bsp_adc.o(.data)
    Smoke_Tem                                0x20000118   Data           2  bsp_adc.o(.data)
    Temperature_Channel                      0x2000011a   Data           1  bsp_adc.o(.data)
    Channel_Now                              0x2000011b   Data           1  bsp_adc.o(.data)
    TimeDisplay                              0x20000184   Data           4  bsp_rtc.o(.data)
    WEEK_STR                                 0x20000188   Data          28  bsp_rtc.o(.data)
    zodiac_sign                              0x200001a4   Data          48  bsp_rtc.o(.data)
    en_WEEK_STR                              0x200001d4   Data          28  bsp_rtc.o(.data)
    en_zodiac_sign                           0x200001f0   Data          48  bsp_rtc.o(.data)
    CCR1_Val                                 0x20000220   Data           2  pwm_output.o(.data)
    CCR2_Val                                 0x20000222   Data           2  pwm_output.o(.data)
    login_key                                0x20000224   Data           8  activate_key.o(.data)
    CPUIDEncrypt                             0x2000022c   Data           4  activate_key.o(.data)
    ADS1220_Init                             0x20000230   Data          32  ads1220.o(.data)
    U1_Inf                                   0x20000250   Data         606  system_control.o(.bss)
    U2_Inf                                   0x200004ae   Data         606  system_control.o(.bss)
    U3_Inf                                   0x2000070c   Data         606  system_control.o(.bss)
    U4_Inf                                   0x2000096a   Data         606  system_control.o(.bss)
    U5_Inf                                   0x20000bc8   Data         606  system_control.o(.bss)
    sys_data                                 0x20000e26   Data          42  system_control.o(.bss)
    copy_sys                                 0x20000e50   Data         100  system_control.o(.bss)
    lcd_data                                 0x20000eb4   Data          99  system_control.o(.bss)
    read_lcd_data                            0x20000f17   Data          32  system_control.o(.bss)
    sys_time_inf                             0x20000f38   Data          20  system_control.o(.bss)
    Start_End_Time                           0x20000f4c   Data          20  system_control.o(.bss)
    big_time_inf                             0x20000f60   Data          20  system_control.o(.bss)
    small_time_inf                           0x20000f74   Data          20  system_control.o(.bss)
    sys_flag                                 0x20000f88   Data         208  system_control.o(.bss)
    sys_config_data                          0x20001058   Data          28  system_control.o(.bss)
    Sys_Admin                                0x20001074   Data         272  system_control.o(.bss)
    lcd_quxian_data                          0x20001184   Data          11  system_control.o(.bss)
    Err_Lcd_Code                             0x2000118f   Data          16  system_control.o(.bss)
    Lcd_FlashD                               0x200011a0   Data          74  system_control.o(.bss)
    Err_Lcd_Memory                           0x200011ea   Data          72  system_control.o(.bss)
    SPI_Error_Data                           0x20001232   Data          72  system_control.o(.bss)
    IO_Status                                0x2000127a   Data          16  system_control.o(.bss)
    Login_D                                  0x2000128c   Data          84  system_control.o(.bss)
    Water_State                              0x200012e0   Data          12  system_control.o(.bss)
    UtoSlave                                 0x200012ec   Data          14  usart2.o(.bss)
    Double5                                  0x200012fa   Data          30  usart2.o(.bss)
    LCD10D                                   0x20001318   Data         136  usart2.o(.bss)
    LCD10JZ                                  0x200013a0   Data         936  usart2.o(.bss)
    LCD10WR                                  0x20001748   Data          20  usart2.o(.bss)
    Switch_Inf                               0x2000175c   Data          13  bsp_relays.o(.bss)
    ADC_ConvertedValueLocal                  0x2000176c   Data          16  bsp_adc.o(.bss)
    ADC_ConvertedValue                       0x2000177c   Data         400  bsp_adc.o(.bss)
    Temperature_Data                         0x2000190c   Data          16  bsp_adc.o(.bss)
    USART4_TX_BUF                            0x20001970   Data         256  usart4.o(.bss)
    lcd_command                              0x20001a70   Data          36  usart4.o(.bss)
    UnionD                                   0x20001a94   Data          20  usart4.o(.bss)
    SlaveG                                   0x20001aa8   Data         624  usart4.o(.bss)
    JiZu                                     0x20001d18   Data         288  usart4.o(.bss)
    Flash_Data                               0x20001e38   Data          72  bsp_spi_flash.o(.bss)
    Flash_Buffer                             0x20001e80   Data          72  bsp_spi_flash.o(.bss)
    __libspace_start                         0x20001ec8   Data          96  libspace.o(.bss)
    __temporary_stack_top$libspace           0x20001f28   Data           0  libspace.o(.bss)



==============================================================================

Memory Map of the image

  Image Entry point : 0x08000131

  Load Region LR_IROM1 (Base: 0x08000000, Size: 0x0000db8c, Max: 0x00040000, ABSOLUTE, COMPRESSED[0x0000da70])

    Execution Region ER_IROM1 (Exec base: 0x08000000, Load base: 0x08000000, Size: 0x0000d93c, Max: 0x00040000, ABSOLUTE)

    Exec Addr    Load Addr    Size         Type   Attr      Idx    E Section Name        Object

    0x08000000   0x08000000   0x00000130   Data   RO         1104    RESET               startup_stm32f10x_hd.o
    0x08000130   0x08000130   0x00000008   Code   RO         5698  * !!!main             c_w.l(__main.o)
    0x08000138   0x08000138   0x00000034   Code   RO         6021    !!!scatter          c_w.l(__scatter.o)
    0x0800016c   0x0800016c   0x0000005a   Code   RO         6019    !!dczerorl2         c_w.l(__dczerorl2.o)
    0x080001c6   0x080001c6   0x00000002   PAD
    0x080001c8   0x080001c8   0x0000001c   Code   RO         6023    !!handler_zi        c_w.l(__scatter_zi.o)
    0x080001e4   0x080001e4   0x00000000   Code   RO         5687    .ARM.Collect$$_printf_percent$$00000000  c_w.l(_printf_percent.o)
    0x080001e4   0x080001e4   0x00000004   Code   RO         5782    .ARM.Collect$$_printf_percent$$00000017  c_w.l(_printf_percent_end.o)
    0x080001e8   0x080001e8   0x00000002   Code   RO         5884    .ARM.Collect$$libinit$$00000000  c_w.l(libinit.o)
    0x080001ea   0x080001ea   0x00000000   Code   RO         5900    .ARM.Collect$$libinit$$00000002  c_w.l(libinit2.o)
    0x080001ea   0x080001ea   0x00000000   Code   RO         5902    .ARM.Collect$$libinit$$00000004  c_w.l(libinit2.o)
    0x080001ea   0x080001ea   0x00000000   Code   RO         5905    .ARM.Collect$$libinit$$0000000A  c_w.l(libinit2.o)
    0x080001ea   0x080001ea   0x00000000   Code   RO         5907    .ARM.Collect$$libinit$$0000000C  c_w.l(libinit2.o)
    0x080001ea   0x080001ea   0x00000000   Code   RO         5909    .ARM.Collect$$libinit$$0000000E  c_w.l(libinit2.o)
    0x080001ea   0x080001ea   0x00000000   Code   RO         5912    .ARM.Collect$$libinit$$00000011  c_w.l(libinit2.o)
    0x080001ea   0x080001ea   0x00000000   Code   RO         5914    .ARM.Collect$$libinit$$00000013  c_w.l(libinit2.o)
    0x080001ea   0x080001ea   0x00000000   Code   RO         5916    .ARM.Collect$$libinit$$00000015  c_w.l(libinit2.o)
    0x080001ea   0x080001ea   0x00000000   Code   RO         5918    .ARM.Collect$$libinit$$00000017  c_w.l(libinit2.o)
    0x080001ea   0x080001ea   0x00000000   Code   RO         5920    .ARM.Collect$$libinit$$00000019  c_w.l(libinit2.o)
    0x080001ea   0x080001ea   0x00000000   Code   RO         5922    .ARM.Collect$$libinit$$0000001B  c_w.l(libinit2.o)
    0x080001ea   0x080001ea   0x00000000   Code   RO         5924    .ARM.Collect$$libinit$$0000001D  c_w.l(libinit2.o)
    0x080001ea   0x080001ea   0x00000000   Code   RO         5926    .ARM.Collect$$libinit$$0000001F  c_w.l(libinit2.o)
    0x080001ea   0x080001ea   0x00000000   Code   RO         5928    .ARM.Collect$$libinit$$00000021  c_w.l(libinit2.o)
    0x080001ea   0x080001ea   0x00000000   Code   RO         5930    .ARM.Collect$$libinit$$00000023  c_w.l(libinit2.o)
    0x080001ea   0x080001ea   0x00000000   Code   RO         5932    .ARM.Collect$$libinit$$00000025  c_w.l(libinit2.o)
    0x080001ea   0x080001ea   0x00000000   Code   RO         5936    .ARM.Collect$$libinit$$0000002C  c_w.l(libinit2.o)
    0x080001ea   0x080001ea   0x00000000   Code   RO         5938    .ARM.Collect$$libinit$$0000002E  c_w.l(libinit2.o)
    0x080001ea   0x080001ea   0x00000000   Code   RO         5940    .ARM.Collect$$libinit$$00000030  c_w.l(libinit2.o)
    0x080001ea   0x080001ea   0x00000000   Code   RO         5942    .ARM.Collect$$libinit$$00000032  c_w.l(libinit2.o)
    0x080001ea   0x080001ea   0x00000002   Code   RO         5943    .ARM.Collect$$libinit$$00000033  c_w.l(libinit2.o)
    0x080001ec   0x080001ec   0x00000002   Code   RO         5961    .ARM.Collect$$libshutdown$$00000000  c_w.l(libshutdown.o)
    0x080001ee   0x080001ee   0x00000000   Code   RO         5971    .ARM.Collect$$libshutdown$$00000002  c_w.l(libshutdown2.o)
    0x080001ee   0x080001ee   0x00000000   Code   RO         5973    .ARM.Collect$$libshutdown$$00000004  c_w.l(libshutdown2.o)
    0x080001ee   0x080001ee   0x00000000   Code   RO         5976    .ARM.Collect$$libshutdown$$00000007  c_w.l(libshutdown2.o)
    0x080001ee   0x080001ee   0x00000000   Code   RO         5979    .ARM.Collect$$libshutdown$$0000000A  c_w.l(libshutdown2.o)
    0x080001ee   0x080001ee   0x00000000   Code   RO         5981    .ARM.Collect$$libshutdown$$0000000C  c_w.l(libshutdown2.o)
    0x080001ee   0x080001ee   0x00000000   Code   RO         5984    .ARM.Collect$$libshutdown$$0000000F  c_w.l(libshutdown2.o)
    0x080001ee   0x080001ee   0x00000002   Code   RO         5985    .ARM.Collect$$libshutdown$$00000010  c_w.l(libshutdown2.o)
    0x080001f0   0x080001f0   0x00000000   Code   RO         5744    .ARM.Collect$$rtentry$$00000000  c_w.l(__rtentry.o)
    0x080001f0   0x080001f0   0x00000000   Code   RO         5808    .ARM.Collect$$rtentry$$00000002  c_w.l(__rtentry2.o)
    0x080001f0   0x080001f0   0x00000006   Code   RO         5820    .ARM.Collect$$rtentry$$00000004  c_w.l(__rtentry4.o)
    0x080001f6   0x080001f6   0x00000000   Code   RO         5810    .ARM.Collect$$rtentry$$00000009  c_w.l(__rtentry2.o)
    0x080001f6   0x080001f6   0x00000004   Code   RO         5811    .ARM.Collect$$rtentry$$0000000A  c_w.l(__rtentry2.o)
    0x080001fa   0x080001fa   0x00000000   Code   RO         5813    .ARM.Collect$$rtentry$$0000000C  c_w.l(__rtentry2.o)
    0x080001fa   0x080001fa   0x00000008   Code   RO         5814    .ARM.Collect$$rtentry$$0000000D  c_w.l(__rtentry2.o)
    0x08000202   0x08000202   0x00000002   Code   RO         5892    .ARM.Collect$$rtexit$$00000000  c_w.l(rtexit.o)
    0x08000204   0x08000204   0x00000000   Code   RO         5945    .ARM.Collect$$rtexit$$00000002  c_w.l(rtexit2.o)
    0x08000204   0x08000204   0x00000004   Code   RO         5946    .ARM.Collect$$rtexit$$00000003  c_w.l(rtexit2.o)
    0x08000208   0x08000208   0x00000006   Code   RO         5947    .ARM.Collect$$rtexit$$00000004  c_w.l(rtexit2.o)
    0x0800020e   0x0800020e   0x00000002   PAD
    0x08000210   0x08000210   0x00000040   Code   RO         1105    .text               startup_stm32f10x_hd.o
    0x08000250   0x08000250   0x00000002   Code   RO         5629    .text               c_w.l(use_no_semi_2.o)
    0x08000252   0x08000252   0x00000002   PAD
    0x08000254   0x08000254   0x00000018   Code   RO         5633    .text               c_w.l(__2printf.o)
    0x0800026c   0x0800026c   0x00000188   Code   RO         5681    .text               c_w.l(__printf_flags_ss_wp.o)
    0x080003f4   0x080003f4   0x00000044   Code   RO         5692    .text               c_w.l(rt_memclr.o)
    0x08000438   0x08000438   0x0000004e   Code   RO         5694    .text               c_w.l(rt_memclr_w.o)
    0x08000486   0x08000486   0x00000006   Code   RO         5696    .text               c_w.l(heapauxi.o)
    0x0800048c   0x0800048c   0x00000002   Code   RO         5742    .text               c_w.l(use_no_semi.o)
    0x0800048e   0x0800048e   0x00000002   PAD
    0x08000490   0x08000490   0x00000030   Code   RO         5753    .text               c_w.l(_printf_char_common.o)
    0x080004c0   0x080004c0   0x00000024   Code   RO         5759    .text               c_w.l(_printf_char_file.o)
    0x080004e4   0x080004e4   0x00000008   Code   RO         5830    .text               c_w.l(ferror.o)
    0x080004ec   0x080004ec   0x0000004a   Code   RO         5838    .text               c_w.l(sys_stackheap_outer.o)
    0x08000536   0x08000536   0x00000012   Code   RO         5877    .text               c_w.l(exit.o)
    0x08000548   0x08000548   0x00000008   Code   RO         5889    .text               c_w.l(libspace.o)
    0x08000550   0x08000550   0x00000016   Code   RO         1765    i.ADC_Cmd           stm32f10x_adc.o
    0x08000566   0x08000566   0x00000016   Code   RO         1766    i.ADC_DMACmd        stm32f10x_adc.o
    0x0800057c   0x0800057c   0x00000014   Code   RO         1773    i.ADC_GetCalibrationStatus  stm32f10x_adc.o
    0x08000590   0x08000590   0x00000014   Code   RO         1779    i.ADC_GetResetCalibrationStatus  stm32f10x_adc.o
    0x080005a4   0x080005a4   0x00000050   Code   RO         1783    i.ADC_Init          stm32f10x_adc.o
    0x080005f4   0x080005f4   0x000001d8   Code   RO         4503    i.ADC_Process       bsp_adc.o
    0x080007cc   0x080007cc   0x000000b8   Code   RO         1787    i.ADC_RegularChannelConfig  stm32f10x_adc.o
    0x08000884   0x08000884   0x0000000a   Code   RO         1788    i.ADC_ResetCalibration  stm32f10x_adc.o
    0x0800088e   0x0800088e   0x00000016   Code   RO         1790    i.ADC_SoftwareStartConvCmd  stm32f10x_adc.o
    0x080008a4   0x080008a4   0x0000000a   Code   RO         1792    i.ADC_StartCalibration  stm32f10x_adc.o
    0x080008ae   0x080008ae   0x00000002   PAD
    0x080008b0   0x080008b0   0x00000044   Code   RO         4504    i.ADCx_GPIO_Config  bsp_adc.o
    0x080008f4   0x080008f4   0x0000000c   Code   RO         4505    i.ADCx_Init         bsp_adc.o
    0x08000900   0x08000900   0x00000118   Code   RO         4506    i.ADCx_Mode_Config  bsp_adc.o
    0x08000a18   0x08000a18   0x0000003c   Code   RO         5358    i.ADS1220Config     ads1220.o
    0x08000a54   0x08000a54   0x00000030   Code   RO         5359    i.ADS1220CsStatus   ads1220.o
    0x08000a84   0x08000a84   0x00000080   Code   RO         5374    i.ADS1220Init       ads1220.o
    0x08000b04   0x08000b04   0x00000038   Code   RO         5375    i.ADS1220ReadData   ads1220.o
    0x08000b3c   0x08000b3c   0x00000008   Code   RO         5377    i.ADS1220ReceiveByte  ads1220.o
    0x08000b44   0x08000b44   0x0000000c   Code   RO         5378    i.ADS1220SendByte   ads1220.o
    0x08000b50   0x08000b50   0x00000042   Code   RO         5397    i.ADS1220WriteRegister  ads1220.o
    0x08000b92   0x08000b92   0x00000002   PAD
    0x08000b94   0x08000b94   0x0000005c   Code   RO          759    i.Abnormal_Check_Fun  system_control.o
    0x08000bf0   0x08000bf0   0x00000274   Code   RO          760    i.Abnormal_Events_Response  system_control.o
    0x08000e64   0x08000e64   0x00000216   Code   RO         4507    i.Adc_to_temperature  bsp_adc.o
    0x0800107a   0x0800107a   0x00000002   PAD
    0x0800107c   0x0800107c   0x00000098   Code   RO          761    i.Admin_Work_Time_Function  system_control.o
    0x08001114   0x08001114   0x000000a4   Code   RO         4323    i.Alarm_Out_Function  bsp_relays.o
    0x080011b8   0x080011b8   0x00000118   Code   RO          762    i.Auto_Check_Fun    system_control.o
    0x080012d0   0x080012d0   0x00000140   Code   RO          763    i.Auto_Pai_Wu_Function  system_control.o
    0x08001410   0x08001410   0x00000010   Code   RO         4245    i.BEEP_TIME         bsp_led.o
    0x08001420   0x08001420   0x00000104   Code   RO          765    i.Before_Ignition_Prepare  system_control.o
    0x08001524   0x08001524   0x00000004   Code   RO          211    i.BusFault_Handler  stm32f10x_it.o
    0x08001528   0x08001528   0x00000092   Code   RO         4810    i.Char_to_Int_6     usr_c210.o
    0x080015ba   0x080015ba   0x00000002   PAD
    0x080015bc   0x080015bc   0x00000360   Code   RO          766    i.Check_Config_Data_Function  system_control.o
    0x0800191c   0x0800191c   0x00000040   Code   RO         4324    i.Close_All_Realys_Function  bsp_relays.o
    0x0800195c   0x0800195c   0x00000018   Code   RO         2450    i.DMA_Cmd           stm32f10x_dma.o
    0x08001974   0x08001974   0x0000014c   Code   RO         2451    i.DMA_DeInit        stm32f10x_dma.o
    0x08001ac0   0x08001ac0   0x0000003c   Code   RO         2456    i.DMA_Init          stm32f10x_dma.o
    0x08001afc   0x08001afc   0x00000002   Code   RO          212    i.DebugMon_Handler  stm32f10x_it.o
    0x08001afe   0x08001afe   0x0000001e   Code   RO         5398    i.Delay_us          ads1220.o
    0x08001b1c   0x08001b1c   0x0000002c   Code   RO         4325    i.Dian_Huo_Air_Level  bsp_relays.o
    0x08001b48   0x08001b48   0x0000000c   Code   RO         4326    i.Dian_Huo_OFF      bsp_relays.o
    0x08001b54   0x08001b54   0x0000000c   Code   RO         4327    i.Dian_Huo_Start    bsp_relays.o
    0x08001b60   0x08001b60   0x000001e4   Code   RO          767    i.Double_WaterPump_LogicFunction  system_control.o
    0x08001d44   0x08001d44   0x0000025c   Code   RO          768    i.Double_Water_BianPin_Function  system_control.o
    0x08001fa0   0x08001fa0   0x0000003c   Code   RO          213    i.EXTI0_IRQHandler  stm32f10x_it.o
    0x08001fdc   0x08001fdc   0x00000160   Code   RO          214    i.EXTI15_10_IRQHandler  stm32f10x_it.o
    0x0800213c   0x0800213c   0x00000012   Code   RO          215    i.EXTI4_IRQHandler  stm32f10x_it.o
    0x0800214e   0x0800214e   0x00000052   Code   RO          216    i.EXTI9_5_IRQHandler  stm32f10x_it.o
    0x080021a0   0x080021a0   0x0000000c   Code   RO         2521    i.EXTI_ClearITPendingBit  stm32f10x_exti.o
    0x080021ac   0x080021ac   0x00000028   Code   RO         2525    i.EXTI_GetITStatus  stm32f10x_exti.o
    0x080021d4   0x080021d4   0x00000094   Code   RO         2526    i.EXTI_Init         stm32f10x_exti.o
    0x08002268   0x08002268   0x000000bc   Code   RO          769    i.Err_Response      system_control.o
    0x08002324   0x08002324   0x0000000c   Code   RO         2574    i.FLASH_ClearFlag   stm32f10x_flash.o
    0x08002330   0x08002330   0x0000004c   Code   RO         2579    i.FLASH_ErasePage   stm32f10x_flash.o
    0x0800237c   0x0800237c   0x00000034   Code   RO         2580    i.FLASH_GetBank1Status  stm32f10x_flash.o
    0x080023b0   0x080023b0   0x00000018   Code   RO         2583    i.FLASH_GetReadOutProtectionStatus  stm32f10x_flash.o
    0x080023c8   0x080023c8   0x00000014   Code   RO         2589    i.FLASH_Lock        stm32f10x_flash.o
    0x080023dc   0x080023dc   0x0000001c   Code   RO         2591    i.FLASH_PrefetchBufferCmd  stm32f10x_flash.o
    0x080023f8   0x080023f8   0x0000006c   Code   RO         2594    i.FLASH_ProgramWord  stm32f10x_flash.o
    0x08002464   0x08002464   0x000000ac   Code   RO         2595    i.FLASH_ReadOutProtection  stm32f10x_flash.o
    0x08002510   0x08002510   0x00000018   Code   RO         2596    i.FLASH_SetLatency  stm32f10x_flash.o
    0x08002528   0x08002528   0x00000018   Code   RO         2597    i.FLASH_Unlock      stm32f10x_flash.o
    0x08002540   0x08002540   0x00000026   Code   RO         2601    i.FLASH_WaitForLastOperation  stm32f10x_flash.o
    0x08002566   0x08002566   0x00000002   PAD
    0x08002568   0x08002568   0x00000068   Code   RO          770    i.Fan_Speed_Check_Function  system_control.o
    0x080025d0   0x080025d0   0x00000014   Code   RO         4328    i.Feed_First_Level  bsp_relays.o
    0x080025e4   0x080025e4   0x00000018   Code   RO         4329    i.Feed_Main_Pump_OFF  bsp_relays.o
    0x080025fc   0x080025fc   0x00000020   Code   RO         4330    i.Feed_Main_Pump_ON  bsp_relays.o
    0x0800261c   0x0800261c   0x0000001a   Code   RO         5096    i.Flash_Read_Protect  activate_key.o
    0x08002636   0x08002636   0x00000002   PAD
    0x08002638   0x08002638   0x000000f4   Code   RO         4162    i.FuNiSen_Read_WaterDevice_Function  usart3.o
    0x0800272c   0x0800272c   0x00000040   Code   RO         1268    i.GPIO_EXTILineConfig  stm32f10x_gpio.o
    0x0800276c   0x0800276c   0x00000116   Code   RO         1271    i.GPIO_Init         stm32f10x_gpio.o
    0x08002882   0x08002882   0x00000002   PAD
    0x08002884   0x08002884   0x00000090   Code   RO         1273    i.GPIO_PinRemapConfig  stm32f10x_gpio.o
    0x08002914   0x08002914   0x00000012   Code   RO         1275    i.GPIO_ReadInputDataBit  stm32f10x_gpio.o
    0x08002926   0x08002926   0x0000000a   Code   RO         1282    i.GPIO_WriteBit     stm32f10x_gpio.o
    0x08002930   0x08002930   0x0000002c   Code   RO          771    i.GetOut_Mannual_Function  system_control.o
    0x0800295c   0x0800295c   0x0000007c   Code   RO         4509    i.GetVolt           bsp_adc.o
    0x080029d8   0x080029d8   0x00000164   Code   RO          772    i.Get_IO_Inf        system_control.o
    0x08002b3c   0x08002b3c   0x00000064   Code   RO          479    i.HSE_SetSysClk     bsp_rccclkconfig.o
    0x08002ba0   0x08002ba0   0x00000004   Code   RO          217    i.HardFault_Handler  stm32f10x_it.o
    0x08002ba4   0x08002ba4   0x000000b8   Code   RO          775    i.IDLE_Err_Response  system_control.o
    0x08002c5c   0x08002c5c   0x000000d4   Code   RO         4247    i.IO_Interrupt_Config  bsp_led.o
    0x08002d30   0x08002d30   0x00000024   Code   RO         5077    i.IWDG_Config       bsp_iwdg.o
    0x08002d54   0x08002d54   0x00000010   Code   RO         2952    i.IWDG_Enable       stm32f10x_iwdg.o
    0x08002d64   0x08002d64   0x00000008   Code   RO         5078    i.IWDG_Feed         bsp_iwdg.o
    0x08002d6c   0x08002d6c   0x00000010   Code   RO         2954    i.IWDG_ReloadCounter  stm32f10x_iwdg.o
    0x08002d7c   0x08002d7c   0x0000000c   Code   RO         2955    i.IWDG_SetPrescaler  stm32f10x_iwdg.o
    0x08002d88   0x08002d88   0x0000000c   Code   RO         2956    i.IWDG_SetReload    stm32f10x_iwdg.o
    0x08002d94   0x08002d94   0x0000000c   Code   RO         2957    i.IWDG_WriteAccessCmd  stm32f10x_iwdg.o
    0x08002da0   0x08002da0   0x00000040   Code   RO          776    i.Idel_Check_Fun    system_control.o
    0x08002de0   0x08002de0   0x0000003c   Code   RO          777    i.Ignition_Check_Fun  system_control.o
    0x08002e1c   0x08002e1c   0x00000018   Code   RO          778    i.JTAG_Diable       system_control.o
    0x08002e34   0x08002e34   0x000002e0   Code   RO         4164    i.JiZu_ReadAndWrite_Function  usart3.o
    0x08003114   0x08003114   0x00000148   Code   RO         4248    i.LED_GPIO_Config   bsp_led.o
    0x0800325c   0x0800325c   0x0000001c   Code   RO          779    i.Last_Blow_End_Fun  system_control.o
    0x08003278   0x08003278   0x0000003c   Code   RO          780    i.Last_Blow_Start_Fun  system_control.o
    0x080032b4   0x080032b4   0x0000000c   Code   RO         4333    i.LianXu_Paiwu_Close  bsp_relays.o
    0x080032c0   0x080032c0   0x000000ec   Code   RO          783    i.LianXu_Paiwu_Control_Function  system_control.o
    0x080033ac   0x080033ac   0x00000010   Code   RO         4334    i.LianXu_Paiwu_Open  bsp_relays.o
    0x080033bc   0x080033bc   0x0000000c   Code   RO         4335    i.Logic_Pump_OFF    bsp_relays.o
    0x080033c8   0x080033c8   0x00000010   Code   RO         4336    i.Logic_Pump_On     bsp_relays.o
    0x080033d8   0x080033d8   0x00000004   Code   RO          218    i.MemManage_Handler  stm32f10x_it.o
    0x080033dc   0x080033dc   0x00000c10   Code   RO         4103    i.ModBus2LCD_Communication  usart2.o
    0x08003fec   0x08003fec   0x0000004c   Code   RO         4165    i.ModBus3_RTU_Read03  usart3.o
    0x08004038   0x08004038   0x0000004c   Code   RO         4166    i.ModBus3_RTU_Write06  usart3.o
    0x08004084   0x08004084   0x000001a0   Code   RO         4167    i.ModBus3_RTU_Write10  usart3.o
    0x08004224   0x08004224   0x00000042   Code   RO          624    i.ModBusCRC16       usart.o
    0x08004266   0x08004266   0x00000002   PAD
    0x08004268   0x08004268   0x00000110   Code   RO          625    i.ModBus_Communication  usart.o
    0x08004378   0x08004378   0x000001dc   Code   RO         4168    i.ModBus_Uart3_LocalRX_Communication  usart3.o
    0x08004554   0x08004554   0x00000108   Code   RO         4750    i.ModBus_Uart4_Local_Communication  usart4.o
    0x0800465c   0x0800465c   0x000003bc   Code   RO         4169    i.Modbus3_UnionRx_DataProcess  usart3.o
    0x08004a18   0x08004a18   0x000002ac   Code   RO         4170    i.Modbus3_UnionTx_Communication  usart3.o
    0x08004cc4   0x08004cc4   0x00000044   Code   RO         4104    i.ModuBus2LCD_Write0x10Response  usart2.o
    0x08004d08   0x08004d08   0x000000e0   Code   RO         4105    i.ModuBus2LCD_WriteAdress0x0000Response  usart2.o
    0x08004de8   0x08004de8   0x00000048   Code   RO         4751    i.ModuBus4RTU_WriteResponse  usart4.o
    0x08004e30   0x08004e30   0x00000044   Code   RO         4752    i.ModuBus4_Write0x10Response  usart4.o
    0x08004e74   0x08004e74   0x00000060   Code   RO         4812    i.ModuBusRTU_Write0x10Response  usr_c210.o
    0x08004ed4   0x08004ed4   0x00000060   Code   RO         4813    i.ModuBusRTU_WriteResponse  usr_c210.o
    0x08004f34   0x08004f34   0x00000002   Code   RO          219    i.NMI_Handler       stm32f10x_it.o
    0x08004f36   0x08004f36   0x0000000c   Code   RO          605    i.NVIC_Configuration  sys.o
    0x08004f42   0x08004f42   0x00000002   PAD
    0x08004f44   0x08004f44   0x00000070   Code   RO         1109    i.NVIC_Init         misc.o
    0x08004fb4   0x08004fb4   0x00000014   Code   RO         1110    i.NVIC_PriorityGroupConfig  misc.o
    0x08004fc8   0x08004fc8   0x000005dc   Code   RO         4814    i.NewSHUANG_PIN_Server_Cmd_Analyse  usr_c210.o
    0x080055a4   0x080055a4   0x00000500   Code   RO         4815    i.New_Server_Cmd_Analyse  usr_c210.o
    0x08005aa4   0x08005aa4   0x00000028   Code   RO          786    i.One_Sec_Check     system_control.o
    0x08005acc   0x08005acc   0x00000012   Code   RO          220    i.PVD_IRQHandler    stm32f10x_it.o
    0x08005ade   0x08005ade   0x00000002   PAD
    0x08005ae0   0x08005ae0   0x00000034   Code   RO         5042    i.PWM_Adjust        pwm_output.o
    0x08005b14   0x08005b14   0x00000018   Code   RO         2999    i.PWR_GetFlagStatus  stm32f10x_pwr.o
    0x08005b2c   0x08005b2c   0x000000fc   Code   RO          787    i.PaiWu_Warnning_Function  system_control.o
    0x08005c28   0x08005c28   0x00000018   Code   RO         4337    i.Pai_Wu_Door_Close  bsp_relays.o
    0x08005c40   0x08005c40   0x00000018   Code   RO         4338    i.Pai_Wu_Door_Open  bsp_relays.o
    0x08005c58   0x08005c58   0x00000002   Code   RO          221    i.PendSV_Handler    stm32f10x_it.o
    0x08005c5a   0x08005c5a   0x00000018   Code   RO         4250    i.PortPin_Scan      bsp_led.o
    0x08005c72   0x08005c72   0x00000002   PAD
    0x08005c74   0x08005c74   0x00000050   Code   RO         4511    i.Pressure25KG_GetVolt  bsp_adc.o
    0x08005cc4   0x08005cc4   0x000000a0   Code   RO         4512    i.Pressure_Filter_Function  bsp_adc.o
    0x08005d64   0x08005d64   0x00000018   Code   RO         1379    i.RCC_ADCCLKConfig  stm32f10x_rcc.o
    0x08005d7c   0x08005d7c   0x00000020   Code   RO         1380    i.RCC_AHBPeriphClockCmd  stm32f10x_rcc.o
    0x08005d9c   0x08005d9c   0x00000020   Code   RO         1381    i.RCC_APB1PeriphClockCmd  stm32f10x_rcc.o
    0x08005dbc   0x08005dbc   0x00000020   Code   RO         1382    i.RCC_APB1PeriphResetCmd  stm32f10x_rcc.o
    0x08005ddc   0x08005ddc   0x00000020   Code   RO         1383    i.RCC_APB2PeriphClockCmd  stm32f10x_rcc.o
    0x08005dfc   0x08005dfc   0x00000020   Code   RO         1384    i.RCC_APB2PeriphResetCmd  stm32f10x_rcc.o
    0x08005e1c   0x08005e1c   0x0000004c   Code   RO         1390    i.RCC_DeInit        stm32f10x_rcc.o
    0x08005e68   0x08005e68   0x000000d4   Code   RO         1391    i.RCC_GetClocksFreq  stm32f10x_rcc.o
    0x08005f3c   0x08005f3c   0x0000003c   Code   RO         1392    i.RCC_GetFlagStatus  stm32f10x_rcc.o
    0x08005f78   0x08005f78   0x00000010   Code   RO         1394    i.RCC_GetSYSCLKSource  stm32f10x_rcc.o
    0x08005f88   0x08005f88   0x00000018   Code   RO         1395    i.RCC_HCLKConfig    stm32f10x_rcc.o
    0x08005fa0   0x08005fa0   0x0000004c   Code   RO         1396    i.RCC_HSEConfig     stm32f10x_rcc.o
    0x08005fec   0x08005fec   0x00000018   Code   RO         1402    i.RCC_PCLK1Config   stm32f10x_rcc.o
    0x08006004   0x08006004   0x00000018   Code   RO         1403    i.RCC_PCLK2Config   stm32f10x_rcc.o
    0x0800601c   0x0800601c   0x0000000c   Code   RO         1404    i.RCC_PLLCmd        stm32f10x_rcc.o
    0x08006028   0x08006028   0x0000001c   Code   RO         1405    i.RCC_PLLConfig     stm32f10x_rcc.o
    0x08006044   0x08006044   0x00000018   Code   RO         1408    i.RCC_SYSCLKConfig  stm32f10x_rcc.o
    0x0800605c   0x0800605c   0x00000038   Code   RO         1410    i.RCC_WaitForHSEStartUp  stm32f10x_rcc.o
    0x08006094   0x08006094   0x0000007c   Code   RO         4339    i.RELAYS_GPIO_Config  bsp_relays.o
    0x08006110   0x08006110   0x00000010   Code   RO         3055    i.RTC_ClearITPendingBit  stm32f10x_rtc.o
    0x08006120   0x08006120   0x00000024   Code   RO         3061    i.RTC_GetITStatus   stm32f10x_rtc.o
    0x08006144   0x08006144   0x00000020   Code   RO          222    i.RTC_IRQHandler    stm32f10x_it.o
    0x08006164   0x08006164   0x00000014   Code   RO         3066    i.RTC_WaitForLastTask  stm32f10x_rtc.o
    0x08006178   0x08006178   0x000000e4   Code   RO         4340    i.Relays_NoInterrupt_ON_OFF  bsp_relays.o
    0x0800625c   0x0800625c   0x0000008c   Code   RO         4251    i.SPI_Config_Init   bsp_led.o
    0x080062e8   0x080062e8   0x00000078   Code   RO         4252    i.SPI_RW_Data_MODE0  bsp_led.o
    0x08006360   0x08006360   0x00000070   Code   RO         5399    i.SPI_Receiver_Data  ads1220.o
    0x080063d0   0x080063d0   0x00000070   Code   RO         5400    i.SPI_Send_Data     ads1220.o
    0x08006440   0x08006440   0x0000001e   Code   RO         4253    i.SPI_delay_us      bsp_led.o
    0x0800645e   0x0800645e   0x00000002   Code   RO          223    i.SVC_Handler       stm32f10x_it.o
    0x08006460   0x08006460   0x0000005c   Code   RO         4341    i.Second_Water_Valve_Close  bsp_relays.o
    0x080064bc   0x080064bc   0x00000018   Code   RO         4342    i.Second_Water_Valve_Open  bsp_relays.o
    0x080064d4   0x080064d4   0x00000028   Code   RO          789    i.Self_Check_Function  system_control.o
    0x080064fc   0x080064fc   0x00000018   Code   RO         4513    i.Send_Adc_Lcd      bsp_adc.o
    0x08006514   0x08006514   0x0000001c   Code   RO         4343    i.Send_Air_Close    bsp_relays.o
    0x08006530   0x08006530   0x0000000c   Code   RO         4344    i.Send_Air_Open     bsp_relays.o
    0x0800653c   0x0800653c   0x0000000c   Code   RO         4345    i.Send_Gas_Close    bsp_relays.o
    0x08006548   0x08006548   0x0000000c   Code   RO         4346    i.Send_Gas_Open     bsp_relays.o
    0x08006554   0x08006554   0x00000008   Code   RO          445    i.SetSysClock       system_stm32f10x.o
    0x0800655c   0x0800655c   0x000000e0   Code   RO          446    i.SetSysClockTo72   system_stm32f10x.o
    0x0800663c   0x0800663c   0x00000144   Code   RO          790    i.ShuangPin_Water_Balance_Function  system_control.o
    0x08006780   0x08006780   0x000000d8   Code   RO          792    i.Speed_Pressure_Function  system_control.o
    0x08006858   0x08006858   0x00000030   Code   RO         4254    i.SpiCsStatus       bsp_led.o
    0x08006888   0x08006888   0x00000198   Code   RO         4255    i.SpiReadData       bsp_led.o
    0x08006a20   0x08006a20   0x00000054   Code   RO          723    i.SysTick_Config    bsp_systick.o
    0x08006a74   0x08006a74   0x0000003c   Code   RO          724    i.SysTick_Delay_ms  bsp_systick.o
    0x08006ab0   0x08006ab0   0x00000002   Code   RO          224    i.SysTick_Handler   stm32f10x_it.o
    0x08006ab2   0x08006ab2   0x00000002   PAD
    0x08006ab4   0x08006ab4   0x00000020   Code   RO          726    i.SysTick_Init      bsp_systick.o
    0x08006ad4   0x08006ad4   0x00000538   Code   RO          793    i.Sys_Ignition_Fun  system_control.o
    0x0800700c   0x0800700c   0x000000d4   Code   RO          794    i.Sys_Launch_Function  system_control.o
    0x080070e0   0x080070e0   0x00000060   Code   RO          448    i.SystemInit        system_stm32f10x.o
    0x08007140   0x08007140   0x000001ec   Code   RO          795    i.System_All_Control  system_control.o
    0x0800732c   0x0800732c   0x00000018   Code   RO          796    i.System_Idel_Function  system_control.o
    0x08007344   0x08007344   0x00000270   Code   RO          797    i.System_Pressure_Balance_Function  system_control.o
    0x080075b4   0x080075b4   0x00000054   Code   RO          225    i.TIM2_IRQHandler   stm32f10x_it.o
    0x08007608   0x08007608   0x0000005c   Code   RO         4076    i.TIM2_Int_Init     timer.o
    0x08007664   0x08007664   0x00000034   Code   RO         5043    i.TIM3_GPIO_Config  pwm_output.o
    0x08007698   0x08007698   0x0000006c   Code   RO         5044    i.TIM3_Mode_Config  pwm_output.o
    0x08007704   0x08007704   0x0000000c   Code   RO         5045    i.TIM3_PWM_Init     pwm_output.o
    0x08007710   0x08007710   0x00000708   Code   RO          226    i.TIM4_IRQHandler   stm32f10x_it.o
    0x08007e18   0x08007e18   0x00000060   Code   RO         4077    i.TIM4_Int_Init     timer.o
    0x08007e78   0x08007e78   0x0000001c   Code   RO          227    i.TIM5_IRQHandler   stm32f10x_it.o
    0x08007e94   0x08007e94   0x00000018   Code   RO         3478    i.TIM_ARRPreloadConfig  stm32f10x_tim.o
    0x08007eac   0x08007eac   0x00000006   Code   RO         3485    i.TIM_ClearITPendingBit  stm32f10x_tim.o
    0x08007eb2   0x08007eb2   0x00000018   Code   RO         3490    i.TIM_Cmd           stm32f10x_tim.o
    0x08007eca   0x08007eca   0x00000022   Code   RO         3511    i.TIM_GetITStatus   stm32f10x_tim.o
    0x08007eec   0x08007eec   0x00000012   Code   RO         3515    i.TIM_ITConfig      stm32f10x_tim.o
    0x08007efe   0x08007efe   0x00000002   PAD
    0x08007f00   0x08007f00   0x0000007c   Code   RO         3534    i.TIM_OC4Init       stm32f10x_tim.o
    0x08007f7c   0x08007f7c   0x0000001a   Code   RO         3536    i.TIM_OC4PreloadConfig  stm32f10x_tim.o
    0x08007f96   0x08007f96   0x00000002   PAD
    0x08007f98   0x08007f98   0x000000a4   Code   RO         3561    i.TIM_TimeBaseInit  stm32f10x_tim.o
    0x0800803c   0x0800803c   0x000000ec   Code   RO          228    i.UART4_IRQHandler  stm32f10x_it.o
    0x08008128   0x08008128   0x000008d8   Code   RO         4753    i.UART4_Server_Cmd_Analyse  usart4.o
    0x08008a00   0x08008a00   0x000000ec   Code   RO          229    i.UART5_IRQHandler  stm32f10x_it.o
    0x08008aec   0x08008aec   0x000000ec   Code   RO          230    i.USART1_IRQHandler  stm32f10x_it.o
    0x08008bd8   0x08008bd8   0x000000bc   Code   RO          231    i.USART2_IRQHandler  stm32f10x_it.o
    0x08008c94   0x08008c94   0x000000ec   Code   RO          232    i.USART3_IRQHandler  stm32f10x_it.o
    0x08008d80   0x08008d80   0x00000012   Code   RO         1579    i.USART_ClearFlag   stm32f10x_usart.o
    0x08008d92   0x08008d92   0x0000001e   Code   RO         1580    i.USART_ClearITPendingBit  stm32f10x_usart.o
    0x08008db0   0x08008db0   0x00000018   Code   RO         1583    i.USART_Cmd         stm32f10x_usart.o
    0x08008dc8   0x08008dc8   0x0000009c   Code   RO         1585    i.USART_DeInit      stm32f10x_usart.o
    0x08008e64   0x08008e64   0x0000001a   Code   RO         1586    i.USART_GetFlagStatus  stm32f10x_usart.o
    0x08008e7e   0x08008e7e   0x00000054   Code   RO         1587    i.USART_GetITStatus  stm32f10x_usart.o
    0x08008ed2   0x08008ed2   0x0000004a   Code   RO         1589    i.USART_ITConfig    stm32f10x_usart.o
    0x08008f1c   0x08008f1c   0x000000d8   Code   RO         1590    i.USART_Init        stm32f10x_usart.o
    0x08008ff4   0x08008ff4   0x0000000a   Code   RO         1597    i.USART_ReceiveData  stm32f10x_usart.o
    0x08008ffe   0x08008ffe   0x00000008   Code   RO         1600    i.USART_SendData    stm32f10x_usart.o
    0x08009006   0x08009006   0x00000002   PAD
    0x08009008   0x08009008   0x00000558   Code   RO         4171    i.Union_MuxJiZu_Control_Function  usart3.o
    0x08009560   0x08009560   0x00000004   Code   RO          233    i.UsageFault_Handler  stm32f10x_it.o
    0x08009564   0x08009564   0x0000001e   Code   RO          628    i.Usart_SendByte    usart.o
    0x08009582   0x08009582   0x00000020   Code   RO          629    i.Usart_SendStr_length  usart.o
    0x080095a2   0x080095a2   0x00000002   PAD
    0x080095a4   0x080095a4   0x0000000c   Code   RO         4349    i.WTS_Gas_One_Close  bsp_relays.o
    0x080095b0   0x080095b0   0x0000000c   Code   RO         4350    i.WTS_Gas_One_Open  bsp_relays.o
    0x080095bc   0x080095bc   0x00000160   Code   RO          799    i.Water_Balance_Function  system_control.o
    0x0800971c   0x0800971c   0x0000020c   Code   RO          800    i.Water_BianPin_Function  system_control.o
    0x08009928   0x08009928   0x00000090   Code   RO         4514    i.WenDu_Filter_Function  bsp_adc.o
    0x080099b8   0x080099b8   0x00000284   Code   RO         5018    i.Write_Admin_Flash  internal_flash.o
    0x08009c3c   0x08009c3c   0x00000020   Code   RO         5098    i.Write_CPUID_Flash  activate_key.o
    0x08009c5c   0x08009c5c   0x00000074   Code   RO         5099    i.Write_CPU_ID_Encrypt  activate_key.o
    0x08009cd0   0x08009cd0   0x000000b0   Code   RO         5019    i.Write_Internal_Flash  internal_flash.o
    0x08009d80   0x08009d80   0x000000d8   Code   RO         5020    i.Write_Second_Flash  internal_flash.o
    0x08009e58   0x08009e58   0x00000174   Code   RO          803    i.XiangBian_Steam_AddFunction  system_control.o
    0x08009fcc   0x08009fcc   0x0000000e   Code   RO         5674    i._is_digit         c_w.l(__printf_wp.o)
    0x08009fda   0x08009fda   0x00000006   Code   RO          631    i._sys_exit         usart.o
    0x08009fe0   0x08009fe0   0x00000074   Code   RO          806    i.clear_struct_memory  system_control.o
    0x0800a054   0x0800a054   0x00000020   Code   RO          508    i.delay_sys_sec     delay.o
    0x0800a074   0x0800a074   0x0000004c   Code   RO         4515    i.filter            bsp_adc.o
    0x0800a0c0   0x0800a0c0   0x0000001c   Code   RO          632    i.fputc             usart.o
    0x0800a0dc   0x0800a0dc   0x00000010   Code   RO         4517    i.get_dot           bsp_adc.o
    0x0800a0ec   0x0800a0ec   0x0000019a   Code   RO         4518    i.go_00_process     bsp_adc.o
    0x0800a286   0x0800a286   0x00000180   Code   RO         4519    i.go_100_process    bsp_adc.o
    0x0800a406   0x0800a406   0x0000016a   Code   RO         4520    i.go_10_process     bsp_adc.o
    0x0800a570   0x0800a570   0x00000180   Code   RO         4521    i.go_110_process    bsp_adc.o
    0x0800a6f0   0x0800a6f0   0x00000180   Code   RO         4522    i.go_120_process    bsp_adc.o
    0x0800a870   0x0800a870   0x00000180   Code   RO         4523    i.go_130_process    bsp_adc.o
    0x0800a9f0   0x0800a9f0   0x00000180   Code   RO         4524    i.go_140_process    bsp_adc.o
    0x0800ab70   0x0800ab70   0x00000180   Code   RO         4525    i.go_150_process    bsp_adc.o
    0x0800acf0   0x0800acf0   0x00000180   Code   RO         4526    i.go_160_process    bsp_adc.o
    0x0800ae70   0x0800ae70   0x00000180   Code   RO         4527    i.go_170_process    bsp_adc.o
    0x0800aff0   0x0800aff0   0x00000180   Code   RO         4528    i.go_180_process    bsp_adc.o
    0x0800b170   0x0800b170   0x00000180   Code   RO         4529    i.go_190_process    bsp_adc.o
    0x0800b2f0   0x0800b2f0   0x00000180   Code   RO         4530    i.go_200_process    bsp_adc.o
    0x0800b470   0x0800b470   0x00000172   Code   RO         4531    i.go_20_process     bsp_adc.o
    0x0800b5e2   0x0800b5e2   0x00000180   Code   RO         4533    i.go_30_process     bsp_adc.o
    0x0800b762   0x0800b762   0x00000180   Code   RO         4534    i.go_40_process     bsp_adc.o
    0x0800b8e2   0x0800b8e2   0x00000180   Code   RO         4535    i.go_50_process     bsp_adc.o
    0x0800ba62   0x0800ba62   0x00000180   Code   RO         4536    i.go_60_process     bsp_adc.o
    0x0800bbe2   0x0800bbe2   0x00000180   Code   RO         4537    i.go_70_process     bsp_adc.o
    0x0800bd62   0x0800bd62   0x00000180   Code   RO         4538    i.go_80_process     bsp_adc.o
    0x0800bee2   0x0800bee2   0x00000180   Code   RO         4539    i.go_90_process     bsp_adc.o
    0x0800c062   0x0800c062   0x00000002   PAD
    0x0800c064   0x0800c064   0x000001e8   Code   RO            1    i.main              main.o
    0x0800c24c   0x0800c24c   0x0000005c   Code   RO         4540    i.pressure_to_temperature  bsp_adc.o
    0x0800c2a8   0x0800c2a8   0x00000344   Code   RO         4871    i.read_serial_data  bsp_parallel_serial.o
    0x0800c5ec   0x0800c5ec   0x00000080   Code   RO          808    i.sys_close_cmd     system_control.o
    0x0800c66c   0x0800c66c   0x000003a0   Code   RO          809    i.sys_control_config_function  system_control.o
    0x0800ca0c   0x0800ca0c   0x000000bc   Code   RO          810    i.sys_start_cmd     system_control.o
    0x0800cac8   0x0800cac8   0x000000a8   Code   RO         4109    i.uart2_init        usart2.o
    0x0800cb70   0x0800cb70   0x000000ac   Code   RO         4173    i.uart3_init        usart3.o
    0x0800cc1c   0x0800cc1c   0x000000ac   Code   RO         4755    i.uart4_init        usart4.o
    0x0800ccc8   0x0800ccc8   0x000000a8   Code   RO          634    i.uart_init         usart.o
    0x0800cd70   0x0800cd70   0x00000062   Code   RO         5700    x$fpl$d2f           fz_ws.l(d2f.o)
    0x0800cdd2   0x0800cdd2   0x00000018   Code   RO         5792    x$fpl$dcmpinf       fz_ws.l(dcmpi.o)
    0x0800cdea   0x0800cdea   0x00000002   PAD
    0x0800cdec   0x0800cdec   0x000002b0   Code   RO         5703    x$fpl$ddiv          fz_ws.l(ddiv.o)
    0x0800d09c   0x0800d09c   0x00000026   Code   RO         5706    x$fpl$dfltu         fz_ws.l(dflt_clz.o)
    0x0800d0c2   0x0800d0c2   0x00000002   PAD
    0x0800d0c4   0x0800d0c4   0x00000078   Code   RO         5712    x$fpl$dleqf         fz_ws.l(dleqf.o)
    0x0800d13c   0x0800d13c   0x00000154   Code   RO         5714    x$fpl$dmul          fz_ws.l(dmul.o)
    0x0800d290   0x0800d290   0x0000009c   Code   RO         5794    x$fpl$dnaninf       fz_ws.l(dnaninf.o)
    0x0800d32c   0x0800d32c   0x0000000c   Code   RO         5796    x$fpl$dretinf       fz_ws.l(dretinf.o)
    0x0800d338   0x0800d338   0x00000056   Code   RO         5716    x$fpl$f2d           fz_ws.l(f2d.o)
    0x0800d38e   0x0800d38e   0x00000018   Code   RO         5836    x$fpl$fcmpinf       fz_ws.l(fcmpi.o)
    0x0800d3a6   0x0800d3a6   0x00000002   PAD
    0x0800d3a8   0x0800d3a8   0x00000184   Code   RO         5725    x$fpl$fdiv          fz_ws.l(fdiv.o)
    0x0800d52c   0x0800d52c   0x0000003e   Code   RO         5728    x$fpl$ffixu         fz_ws.l(ffixu.o)
    0x0800d56a   0x0800d56a   0x00000002   PAD
    0x0800d56c   0x0800d56c   0x00000030   Code   RO         5733    x$fpl$fflt          fz_ws.l(fflt_clz.o)
    0x0800d59c   0x0800d59c   0x00000026   Code   RO         5732    x$fpl$ffltu         fz_ws.l(fflt_clz.o)
    0x0800d5c2   0x0800d5c2   0x00000002   PAD
    0x0800d5c4   0x0800d5c4   0x00000068   Code   RO         5798    x$fpl$fleqf         fz_ws.l(fleqf.o)
    0x0800d62c   0x0800d62c   0x00000102   Code   RO         5738    x$fpl$fmul          fz_ws.l(fmul.o)
    0x0800d72e   0x0800d72e   0x0000008c   Code   RO         5800    x$fpl$fnaninf       fz_ws.l(fnaninf.o)
    0x0800d7ba   0x0800d7ba   0x0000000a   Code   RO         5802    x$fpl$fretinf       fz_ws.l(fretinf.o)
    0x0800d7c4   0x0800d7c4   0x00000062   Code   RO         5740    x$fpl$frleqf        fz_ws.l(frleqf.o)
    0x0800d826   0x0800d826   0x00000000   Code   RO         5806    x$fpl$usenofp       fz_ws.l(usenofp.o)
    0x0800d826   0x0800d826   0x00000002   Data   RO            2    .constdata          main.o
    0x0800d828   0x0800d828   0x00000011   Data   RO         5682    .constdata          c_w.l(__printf_flags_ss_wp.o)
    0x0800d839   0x0800d839   0x00000003   PAD
    0x0800d83c   0x0800d83c   0x000000df   Data   RO         4980    .conststring        bsp_rtc.o
    0x0800d91b   0x0800d91b   0x00000001   PAD
    0x0800d91c   0x0800d91c   0x00000020   Data   RO         6017    Region$$Table       anon$$obj.o


    Execution Region RW_IRAM1 (Exec base: 0x20000000, Load base: 0x0800d93c, Size: 0x00002928, Max: 0x0000c000, ABSOLUTE, COMPRESSED[0x00000134])

    Exec Addr    Load Addr    Size         Type   Attr      Idx    E Section Name        Object

    0x20000000   COMPRESSED   0x00000024   Data   RW          234    .data               stm32f10x_it.o
    0x20000024   COMPRESSED   0x00000014   Data   RW          449    .data               system_stm32f10x.o
    0x20000038   COMPRESSED   0x00000006   Data   RW          636    .data               usart.o
    0x2000003e   COMPRESSED   0x00000002   PAD
    0x20000040   COMPRESSED   0x0000007c   Data   RW          813    .data               system_control.o
    0x200000bc   COMPRESSED   0x00000014   Data   RW         1411    .data               stm32f10x_rcc.o
    0x200000d0   COMPRESSED   0x00000008   Data   RW         4111    .data               usart2.o
    0x200000d8   COMPRESSED   0x0000000a   Data   RW         4174    .data               usart3.o
    0x200000e2   COMPRESSED   0x00000002   PAD
    0x200000e4   COMPRESSED   0x00000025   Data   RW         4256    .data               bsp_led.o
    0x20000109   COMPRESSED   0x00000001   PAD
    0x2000010a   COMPRESSED   0x00000079   Data   RW         4543    .data               bsp_adc.o
    0x20000183   COMPRESSED   0x00000001   PAD
    0x20000184   COMPRESSED   0x0000009c   Data   RW         4981    .data               bsp_rtc.o
    0x20000220   COMPRESSED   0x00000004   Data   RW         5047    .data               pwm_output.o
    0x20000224   COMPRESSED   0x0000000c   Data   RW         5106    .data               activate_key.o
    0x20000230   COMPRESSED   0x00000020   Data   RW         5401    .data               ads1220.o
    0x20000250        -       0x0000109c   Zero   RW          812    .bss                system_control.o
    0x200012ec        -       0x00000470   Zero   RW         4110    .bss                usart2.o
    0x2000175c        -       0x0000000d   Zero   RW         4351    .bss                bsp_relays.o
    0x20001769   COMPRESSED   0x00000003   PAD
    0x2000176c        -       0x00000204   Zero   RW         4541    .bss                bsp_adc.o
    0x20001970        -       0x000004c8   Zero   RW         4756    .bss                usart4.o
    0x20001e38        -       0x00000090   Zero   RW         5236    .bss                bsp_spi_flash.o
    0x20001ec8        -       0x00000060   Zero   RW         5890    .bss                c_w.l(libspace.o)
    0x20001f28        -       0x00000200   Zero   RW         1103    HEAP                startup_stm32f10x_hd.o
    0x20002128        -       0x00000800   Zero   RW         1102    STACK               startup_stm32f10x_hd.o


==============================================================================

Image component sizes


      Code (inc. data)   RO Data    RW Data    ZI Data      Debug   Object Name

       174         40          0         12          0       3416   activate_key.o
       632         26          0         32          0       8619   ads1220.o
     10136        134          0        121        516      43127   bsp_adc.o
        44          0          0          0          0       1026   bsp_iwdg.o
      1326         72          0         37          0       9042   bsp_led.o
       836         30          0          0          0        955   bsp_parallel_serial.o
       100          0          0          0          0        628   bsp_rccclkconfig.o
      1032        194          0          0         13      15711   bsp_relays.o
         0          0        223        156          0        754   bsp_rtc.o
         0          0          0          0        144       3586   bsp_spi_flash.o
       176         18          0          0          0      16669   bsp_systick.o
         0          0          0          0          0         32   core_cm3.o
        32         14          0          0          0       2019   delay.o
      1036         34          0          0          0       1896   internal_flash.o
       488         24          2          0          0     283474   main.o
       132         22          0          0          0       1547   misc.o
       224         34          0          4          0       2355   pwm_output.o
        64         26        304          0       2560        796   startup_stm32f10x_hd.o
       390         10          0          0          0       7453   stm32f10x_adc.o
       416          8          0          0          0       3438   stm32f10x_dma.o
       200         18          0          0          0       2128   stm32f10x_exti.o
       578         70          0          0          0       7790   stm32f10x_flash.o
       514         10          0          0          0       4652   stm32f10x_gpio.o
      3632        208          0         36          0      14141   stm32f10x_it.o
        68         30          0          0          0       2510   stm32f10x_iwdg.o
        24          4          0          0          0        584   stm32f10x_pwr.o
       816        116          0         20          0      12887   stm32f10x_rcc.o
        72         12          0          0          0       1584   stm32f10x_rtc.o
       420         52          0          0          0       5430   stm32f10x_tim.o
       646         28          0          0          0       8032   stm32f10x_usart.o
        12          0          0          0          0        461   sys.o
     11200        954          0        124       4252      48625   system_control.o
       328         28          0         20          0       2117   system_stm32f10x.o
       188          6          0          0          0       1336   timer.o
       602         30          0          6          0       8317   usart.o
      3548        280          0          8       1136      10009   usart2.o
      5204        260          0         10          0      10051   usart3.o
      2840        138          0          0       1224       8373   usart4.o
      3118        174          0          0          0       5922   usr_c210.o

    ----------------------------------------------------------------------
     51282       3104        562        592       9848     561492   Object Totals
         0          0         32          0          0          0   (incl. Generated)
        34          0          1          6          3          0   (incl. Padding)

    ----------------------------------------------------------------------

      Code (inc. data)   RO Data    RW Data    ZI Data      Debug   Library Member Name

        24          4          0          0          0         84   __2printf.o
        90          0          0          0          0          0   __dczerorl2.o
         8          0          0          0          0         68   __main.o
       392          4         17          0          0         92   __printf_flags_ss_wp.o
        14          0          0          0          0         68   __printf_wp.o
         0          0          0          0          0          0   __rtentry.o
        12          0          0          0          0          0   __rtentry2.o
         6          0          0          0          0          0   __rtentry4.o
        52          8          0          0          0          0   __scatter.o
        28          0          0          0          0          0   __scatter_zi.o
        48          6          0          0          0         96   _printf_char_common.o
        36          4          0          0          0         80   _printf_char_file.o
         0          0          0          0          0          0   _printf_percent.o
         4          0          0          0          0          0   _printf_percent_end.o
        18          0          0          0          0         80   exit.o
         8          0          0          0          0         68   ferror.o
         6          0          0          0          0        152   heapauxi.o
         2          0          0          0          0          0   libinit.o
         2          0          0          0          0          0   libinit2.o
         2          0          0          0          0          0   libshutdown.o
         2          0          0          0          0          0   libshutdown2.o
         8          4          0          0         96         68   libspace.o
        68          0          0          0          0         68   rt_memclr.o
        78          0          0          0          0         80   rt_memclr_w.o
         2          0          0          0          0          0   rtexit.o
        10          0          0          0          0          0   rtexit2.o
        74          0          0          0          0         80   sys_stackheap_outer.o
         2          0          0          0          0         68   use_no_semi.o
         2          0          0          0          0         68   use_no_semi_2.o
        98          4          0          0          0         92   d2f.o
        24          0          0          0          0         68   dcmpi.o
       688        140          0          0          0        208   ddiv.o
        38          0          0          0          0         68   dflt_clz.o
       120          4          0          0          0         92   dleqf.o
       340         12          0          0          0        104   dmul.o
       156          4          0          0          0         92   dnaninf.o
        12          0          0          0          0         68   dretinf.o
        86          4          0          0          0         84   f2d.o
        24          0          0          0          0         68   fcmpi.o
       388         76          0          0          0         96   fdiv.o
        62          4          0          0          0         84   ffixu.o
        86          0          0          0          0        136   fflt_clz.o
       104          4          0          0          0         84   fleqf.o
       258          4          0          0          0         84   fmul.o
       140          4          0          0          0         84   fnaninf.o
        10          0          0          0          0         68   fretinf.o
        98          0          0          0          0         68   frleqf.o
         0          0          0          0          0          0   usenofp.o

    ----------------------------------------------------------------------
      3748        290         20          0         96       2868   Library Totals
        18          0          3          0          0          0   (incl. Padding)

    ----------------------------------------------------------------------

      Code (inc. data)   RO Data    RW Data    ZI Data      Debug   Library Name

       998         30         17          0         96       1220   c_w.l
      2732        260          0          0          0       1648   fz_ws.l

    ----------------------------------------------------------------------
      3748        290         20          0         96       2868   Library Totals

    ----------------------------------------------------------------------

==============================================================================


      Code (inc. data)   RO Data    RW Data    ZI Data      Debug   

     55030       3394        582        592       9944     548964   Grand Totals
     55030       3394        582        308       9944     548964   ELF Image Totals (compressed)
     55030       3394        582        308          0          0   ROM Totals

==============================================================================

    Total RO  Size (Code + RO Data)                55612 (  54.31kB)
    Total RW  Size (RW Data + ZI Data)             10536 (  10.29kB)
    Total ROM Size (Code + RO Data + RW Data)      55920 (  54.61kB)

==============================================================================

